#
# There is insufficient memory for the Java Runtime Environment to continue.
# Native memory allocation (malloc) failed to allocate 1001136 bytes. Error detail: Chunk::new
# Possible reasons:
#   The system is out of physical RAM or swap space
#   This process is running with CompressedOops enabled, and the Java Heap may be blocking the growth of the native heap
# Possible solutions:
#   Reduce memory load on the system
#   Increase physical memory or swap space
#   Check if swap backing store is full
#   Decrease Java heap size (-Xmx/-Xms)
#   Decrease number of Java threads
#   Decrease Java thread stack sizes (-Xss)
#   Set larger code cache with -XX:ReservedCodeCacheSize=
#   JVM is running with Unscaled Compressed Oops mode in which the Java heap is
#     placed in the first 4GB address space. The Java Heap base address is the
#     maximum limit for the native heap growth. Please use -XX:HeapBaseMinAddress
#     to set the Java Heap base and to place the Java Heap above 4GB virtual address.
# This output file may be truncated or incomplete.
#
#  Out of Memory Error (arena.cpp:168), pid=14072, tid=11728
#
# JRE version: OpenJDK Runtime Environment Temurin-21.0.12.1+1 (21.0.12.1+1) (build 21.0.12.1+1-LTS)
# Java VM: OpenJDK 64-Bit Server VM Temurin-21.0.12.1+1 (21.0.12.1+1-LTS, mixed mode, sharing, tiered, compressed oops, compressed class ptrs, parallel gc, windows-amd64)
# No core dump will be written. Minidumps are not enabled by default on client versions of Windows
#

---------------  S U M M A R Y ------------

Command Line: --add-modules=ALL-SYSTEM --add-opens=java.base/java.util=ALL-UNNAMED --add-opens=java.base/java.lang=ALL-UNNAMED --add-opens=java.base/sun.nio.fs=ALL-UNNAMED -Declipse.application=org.eclipse.jdt.ls.core.id1 -Dosgi.bundles.defaultStartLevel=4 -Declipse.product=org.eclipse.jdt.ls.core.product -Djava.import.generatesMetadataFilesAtProjectRoot=false -Dm2e.project.cache.size=50 -DDetectVMInstallationsJob.disabled=true -Dfile.encoding=utf8 -XX:+UseParallelGC -XX:GCTimeRatio=4 -XX:AdaptiveSizePolicyWeight=90 -Dsun.zip.disableMemoryMapping=true -Xmx2G -Xms100m -Xlog:disable -javaagent:c:\Users\localuser\.vscode\extensions\redhat.java-1.56.0-win32-x64\lombok\lombok-1.18.39-4050.jar c:\Users\localuser\.vscode\extensions\redhat.java-1.56.0-win32-x64\server\plugins\org.eclipse.equinox.launcher_1.8.0.v20260804-1928.jar -configuration c:\Users\localuser\AppData\Roaming\Code\User\globalStorage\redhat.java\1.56.0\config_ss_win -data c:\Users\localuser\AppData\Roaming\Code\User\workspaceStorage\7c67b59a268e226f197ea4c1d5366ed0\redhat.java\ss_ws --pipe=\\.\pipe\lsp-012afbb70d06cdd65c14a1eac07db98b-sock

Host: AMD Ryzen 7 PRO 6850U with Radeon Graphics     , 16 cores, 11G,  Windows 11 , 64 bit Build 26100 (10.0.26100.7920)
Time: Thu Sep 17 00:17:53 2026 elapsed time: 3.199500 seconds (0d 0h 0m 3s)

---------------  T H R E A D  ---------------

Current thread (0x000002825ca2d3c0):  JavaThread "C2 CompilerThread0" daemon [_thread_in_native, id=11728, stack(0x000000fb49a00000,0x000000fb49b00000) (1024K)]


Current CompileTask:
C2:3199 2419       4       org.apache.felix.resolver.PackageSpaces::mergeUses (494 bytes)

Stack: [0x000000fb49a00000,0x000000fb49b00000]
Native frames: (J=compiled Java code, j=interpreted, Vv=VM code, C=native code)
V  [jvm.dll+0x6d83e9]
V  [jvm.dll+0x8b5736]
V  [jvm.dll+0x8b7cee]
V  [jvm.dll+0x8b83d3]
V  [jvm.dll+0x284596]
V  [jvm.dll+0xc685d]
V  [jvm.dll+0xc6da1]
V  [jvm.dll+0x2fb5ae]
V  [jvm.dll+0x5fee94]
V  [jvm.dll+0x255d67]
V  [jvm.dll+0x25612d]
V  [jvm.dll+0x24e6a0]
V  [jvm.dll+0x24bbe6]
V  [jvm.dll+0x1cb4ae]
V  [jvm.dll+0x25baad]
V  [jvm.dll+0x25a03a]
V  [jvm.dll+0x3f8aae]
V  [jvm.dll+0x8600cd]
V  [jvm.dll+0x6d6c1d]
C  [ucrtbase.dll+0x37b0]
C  [KERNEL32.DLL+0x2e8d7]
C  [ntdll.dll+0x8c48c]


---------------  P R O C E S S  ---------------

Threads class SMR info:
_java_thread_list=0x00000282635f4120, length=37, elements={
0x000002820185cf00, 0x0000028203c34fd0, 0x0000028203c37730, 0x0000028203c3c940,
0x0000028203c3d3a0, 0x0000028203c40dd0, 0x0000028203c47740, 0x000002825ca2d3c0,
0x000002825ca2e2c0, 0x000002825cab37a0, 0x000002825cd1c1d0, 0x000002825cc7cdc0,
0x000002825e3d7730, 0x000002825e78bd80, 0x000002825e78c3f0, 0x000002826341ba00,
0x000002826341c070, 0x000002825ea7c710, 0x000002825ea7cd80, 0x000002825e7d7950,
0x000002825ea9e530, 0x000002825ea9f250, 0x00000282633ebc80, 0x000002825e4d6900,
0x000002825ea9d180, 0x000002825e83cb50, 0x000002825ea9caf0, 0x000002825ea9ebc0,
0x000002825ea9d810, 0x000002825ea9ff70, 0x000002825ea9dea0, 0x0000028263518240,
0x00000282635195f0, 0x0000028263517bb0, 0x0000028263516e90, 0x0000028263517520,
0x00000282635188d0
}

Java Threads: ( => current thread )
  0x000002820185cf00 JavaThread "main"                              [_thread_blocked, id=16112, stack(0x000000fb49000000,0x000000fb49100000) (1024K)]
  0x0000028203c34fd0 JavaThread "Reference Handler"          daemon [_thread_blocked, id=32760, stack(0x000000fb49400000,0x000000fb49500000) (1024K)]
  0x0000028203c37730 JavaThread "Finalizer"                  daemon [_thread_blocked, id=20592, stack(0x000000fb49500000,0x000000fb49600000) (1024K)]
  0x0000028203c3c940 JavaThread "Signal Dispatcher"          daemon [_thread_blocked, id=21480, stack(0x000000fb49600000,0x000000fb49700000) (1024K)]
  0x0000028203c3d3a0 JavaThread "Attach Listener"            daemon [_thread_blocked, id=3480, stack(0x000000fb49700000,0x000000fb49800000) (1024K)]
  0x0000028203c40dd0 JavaThread "Service Thread"             daemon [_thread_blocked, id=28044, stack(0x000000fb49800000,0x000000fb49900000) (1024K)]
  0x0000028203c47740 JavaThread "Monitor Deflation Thread"   daemon [_thread_blocked, id=12452, stack(0x000000fb49900000,0x000000fb49a00000) (1024K)]
=>0x000002825ca2d3c0 JavaThread "C2 CompilerThread0"         daemon [_thread_in_native, id=11728, stack(0x000000fb49a00000,0x000000fb49b00000) (1024K)]
  0x000002825ca2e2c0 JavaThread "C1 CompilerThread0"         daemon [_thread_blocked, id=30816, stack(0x000000fb49b00000,0x000000fb49c00000) (1024K)]
  0x000002825cab37a0 JavaThread "C1 CompilerThread1"         daemon [_thread_blocked, id=11932, stack(0x000000fb49c00000,0x000000fb49d00000) (1024K)]
  0x000002825cd1c1d0 JavaThread "Common-Cleaner"             daemon [_thread_blocked, id=1800, stack(0x000000fb49e00000,0x000000fb49f00000) (1024K)]
  0x000002825cc7cdc0 JavaThread "C1 CompilerThread2"         daemon [_thread_blocked, id=13876, stack(0x000000fb49f00000,0x000000fb4a000000) (1024K)]
  0x000002825e3d7730 JavaThread "Notification Thread"        daemon [_thread_blocked, id=9384, stack(0x000000fb4a100000,0x000000fb4a200000) (1024K)]
  0x000002825e78bd80 JavaThread "Equinox resolver thread - Equinox Container: d271f3ef-a1f5-4de2-8f51-b98468df8b7f" daemon [_thread_blocked, id=27620, stack(0x000000fb4a900000,0x000000fb4aa00000) (1024K)]
  0x000002825e78c3f0 JavaThread "Equinox resolver thread - Equinox Container: d271f3ef-a1f5-4de2-8f51-b98468df8b7f" daemon [_thread_blocked, id=31996, stack(0x000000fb4aa00000,0x000000fb4ab00000) (1024K)]
  0x000002826341ba00 JavaThread "Equinox resolver thread - Equinox Container: d271f3ef-a1f5-4de2-8f51-b98468df8b7f" daemon [_thread_blocked, id=19868, stack(0x000000fb4ab00000,0x000000fb4ac00000) (1024K)]
  0x000002826341c070 JavaThread "Equinox resolver thread - Equinox Container: d271f3ef-a1f5-4de2-8f51-b98468df8b7f" daemon [_thread_blocked, id=13848, stack(0x000000fb4ac00000,0x000000fb4ad00000) (1024K)]
  0x000002825ea7c710 JavaThread "Equinox resolver thread - Equinox Container: d271f3ef-a1f5-4de2-8f51-b98468df8b7f" daemon [_thread_blocked, id=25928, stack(0x000000fb4ad00000,0x000000fb4ae00000) (1024K)]
  0x000002825ea7cd80 JavaThread "Equinox resolver thread - Equinox Container: d271f3ef-a1f5-4de2-8f51-b98468df8b7f" daemon [_thread_blocked, id=29232, stack(0x000000fb4ae00000,0x000000fb4af00000) (1024K)]
  0x000002825e7d7950 JavaThread "Active Thread: Equinox Container: d271f3ef-a1f5-4de2-8f51-b98468df8b7f"        [_thread_blocked, id=2820, stack(0x000000fb4af00000,0x000000fb4b000000) (1024K)]
  0x000002825ea9e530 JavaThread "Framework Event Dispatcher: Equinox Container: d271f3ef-a1f5-4de2-8f51-b98468df8b7f" daemon [_thread_blocked, id=27740, stack(0x000000fb49d00000,0x000000fb49e00000) (1024K)]
  0x000002825ea9f250 JavaThread "Start Level: Equinox Container: d271f3ef-a1f5-4de2-8f51-b98468df8b7f" daemon [_thread_in_vm, id=27244, stack(0x000000fb4a000000,0x000000fb4a100000) (1024K)]
  0x00000282633ebc80 JavaThread "C2 CompilerThread1"         daemon [_thread_blocked, id=30680, stack(0x000000fb4a800000,0x000000fb4a900000) (1024K)]
  0x000002825e4d6900 JavaThread "C2 CompilerThread2"         daemon [_thread_blocked, id=7732, stack(0x000000fb4b100000,0x000000fb4b200000) (1024K)]
  0x000002825ea9d180 JavaThread "Refresh Thread: Equinox Container: d271f3ef-a1f5-4de2-8f51-b98468df8b7f" daemon [_thread_blocked, id=6192, stack(0x000000fb4b200000,0x000000fb4b300000) (1024K)]
  0x000002825e83cb50 JavaThread "C1 CompilerThread3"         daemon [_thread_blocked, id=3252, stack(0x000000fb4b300000,0x000000fb4b400000) (1024K)]
  0x000002825ea9caf0 JavaThread "Equinox resolver thread - Equinox Container: d271f3ef-a1f5-4de2-8f51-b98468df8b7f" daemon [_thread_blocked, id=15344, stack(0x000000fb4b400000,0x000000fb4b500000) (1024K)]
  0x000002825ea9ebc0 JavaThread "Equinox resolver thread - Equinox Container: d271f3ef-a1f5-4de2-8f51-b98468df8b7f" daemon [_thread_blocked, id=17264, stack(0x000000fb4b500000,0x000000fb4b600000) (1024K)]
  0x000002825ea9d810 JavaThread "Equinox resolver thread - Equinox Container: d271f3ef-a1f5-4de2-8f51-b98468df8b7f" daemon [_thread_blocked, id=32616, stack(0x000000fb4b600000,0x000000fb4b700000) (1024K)]
  0x000002825ea9ff70 JavaThread "Equinox resolver thread - Equinox Container: d271f3ef-a1f5-4de2-8f51-b98468df8b7f" daemon [_thread_blocked, id=6068, stack(0x000000fb4b700000,0x000000fb4b800000) (1024K)]
  0x000002825ea9dea0 JavaThread "Equinox resolver thread - Equinox Container: d271f3ef-a1f5-4de2-8f51-b98468df8b7f" daemon [_thread_blocked, id=1972, stack(0x000000fb4b800000,0x000000fb4b900000) (1024K)]
  0x0000028263518240 JavaThread "Equinox resolver thread - Equinox Container: d271f3ef-a1f5-4de2-8f51-b98468df8b7f" daemon [_thread_blocked, id=19084, stack(0x000000fb4b900000,0x000000fb4ba00000) (1024K)]
  0x00000282635195f0 JavaThread "Equinox resolver thread - Equinox Container: d271f3ef-a1f5-4de2-8f51-b98468df8b7f" daemon [_thread_blocked, id=21952, stack(0x000000fb4ba00000,0x000000fb4bb00000) (1024K)]
  0x0000028263517bb0 JavaThread "Equinox resolver thread - Equinox Container: d271f3ef-a1f5-4de2-8f51-b98468df8b7f" daemon [_thread_blocked, id=23136, stack(0x000000fb4bb00000,0x000000fb4bc00000) (1024K)]
  0x0000028263516e90 JavaThread "Equinox resolver thread - Equinox Container: d271f3ef-a1f5-4de2-8f51-b98468df8b7f" daemon [_thread_blocked, id=18832, stack(0x000000fb4bc00000,0x000000fb4bd00000) (1024K)]
  0x0000028263517520 JavaThread "Equinox resolver thread - Equinox Container: d271f3ef-a1f5-4de2-8f51-b98468df8b7f" daemon [_thread_blocked, id=16336, stack(0x000000fb4bd00000,0x000000fb4be00000) (1024K)]
  0x00000282635188d0 JavaThread "SCR Component Actor"        daemon [_thread_blocked, id=32004, stack(0x000000fb4bf00000,0x000000fb4c000000) (1024K)]
Total: 37

Other Threads:
  0x0000028203c34b80 VMThread "VM Thread"                           [id=7836, stack(0x000000fb49300000,0x000000fb49400000) (1024K)]
  0x000002821a51ba00 WatcherThread "VM Periodic Task Thread"        [id=11356, stack(0x000000fb49200000,0x000000fb49300000) (1024K)]
  0x0000028203bb0110 WorkerThread "GC Thread#0"                     [id=29360, stack(0x000000fb49100000,0x000000fb49200000) (1024K)]
  0x0000028263387bf0 WorkerThread "GC Thread#1"                     [id=24844, stack(0x000000fb4a200000,0x000000fb4a300000) (1024K)]
  0x0000028263383030 WorkerThread "GC Thread#2"                     [id=4644, stack(0x000000fb4a300000,0x000000fb4a400000) (1024K)]
  0x00000282633833e0 WorkerThread "GC Thread#3"                     [id=26428, stack(0x000000fb4a400000,0x000000fb4a500000) (1024K)]
  0x000002825ea842d0 WorkerThread "GC Thread#4"                     [id=15592, stack(0x000000fb4a500000,0x000000fb4a600000) (1024K)]
  0x000002825ea84680 WorkerThread "GC Thread#5"                     [id=31608, stack(0x000000fb4a600000,0x000000fb4a700000) (1024K)]
  0x00000282631893f0 WorkerThread "GC Thread#6"                     [id=6892, stack(0x000000fb4a700000,0x000000fb4a800000) (1024K)]
  0x000002825e7d83f0 WorkerThread "GC Thread#7"                     [id=26324, stack(0x000000fb4b000000,0x000000fb4b100000) (1024K)]
  0x00000282637ff970 WorkerThread "GC Thread#8"                     [id=30784, stack(0x000000fb4be00000,0x000000fb4bf00000) (1024K)]
Total: 11

Threads with active compile tasks:
C2 CompilerThread0  3302 2419       4       org.apache.felix.resolver.PackageSpaces::mergeUses (494 bytes)
Total: 1

VM state: not at safepoint (normal execution)

VM Mutex/Monitor currently owned by a thread:  ([mutex/lock_event])
[0x00007ffffe65d530] Metaspace_lock - owner thread: 0x000002825ea9f250

Heap address: 0x0000000080000000, size: 2048 MB, Compressed Oops mode: 32-bit

CDS archive(s) mapped at: [0x000002821b000000-0x000002821bba0000-0x000002821bba0000), size 12189696, SharedBaseAddress: 0x000002821b000000, ArchiveRelocationMode: 1.
Compressed class space mapped at: 0x000002821c000000-0x000002825c000000, reserved size: 1073741824
Narrow klass base: 0x000002821b000000, Narrow klass shift: 0, Narrow klass range: 0x100000000

GC Precious Log:
 CardTable entry size: 512
 CPUs: 16 total, 16 available
 Memory: 12046M
 Large Page Support: Disabled
 NUMA Support: Disabled
 Compressed Oops: Enabled (32-bit)
 Alignments: Space 512K, Generation 512K, Heap 2M
 Heap Min Capacity: 100M
 Heap Initial Capacity: 100M
 Heap Max Capacity: 2G
 Pre-touch: Disabled
 Parallel Workers: 13

Heap:
 PSYoungGen      total 29696K, used 21820K [0x00000000d5580000, 0x00000000d7680000, 0x0000000100000000)
  eden space 25600K, 69% used [0x00000000d5580000,0x00000000d66d38c8,0x00000000d6e80000)
  from space 4096K, 99% used [0x00000000d6e80000,0x00000000d727bb28,0x00000000d7280000)
  to   space 4096K, 0% used [0x00000000d7280000,0x00000000d7280000,0x00000000d7680000)
 ParOldGen       total 68608K, used 6122K [0x0000000080000000, 0x0000000084300000, 0x00000000d5580000)
  object space 68608K, 8% used [0x0000000080000000,0x00000000805faa40,0x0000000084300000)
 Metaspace       used 11511K, committed 11904K, reserved 1114112K
  class space    used 1210K, committed 1408K, reserved 1048576K

Card table byte_map: [0x0000028203540000,0x0000028203950000] _byte_map_base: 0x0000028203140000

Marking Bits: (ParMarkBitMap*) 0x00007ffffe6644a0
 Begin Bits: [0x0000028216040000, 0x0000028218040000)
 End Bits:   [0x0000028218040000, 0x000002821a040000)

Polling page: 0x0000028201e70000

Metaspace:

Usage:
  Non-class:     10.06 MB used.
      Class:      1.18 MB used.
       Both:     11.24 MB used.

Virtual space:
  Non-class space:       64.00 MB reserved,      10.25 MB ( 16%) committed,  1 nodes.
      Class space:        1.00 GB reserved,       1.38 MB ( <1%) committed,  1 nodes.
             Both:        1.06 GB reserved,      11.62 MB (  1%) committed. 

Chunk freelists:
   Non-Class:  5.42 MB
       Class:  14.67 MB
        Both:  20.09 MB

MaxMetaspaceSize: unlimited
CompressedClassSpaceSize: 1.00 GB
Initial GC threshold: 21.00 MB
Current GC threshold: 21.00 MB
CDS: on
 - commit_granule_bytes: 65536.
 - commit_granule_words: 8192.
 - virtual_space_node_default_size: 8388608.
 - enlarge_chunks_in_place: 1.
 - use_allocation_guard: 0.


Internal statistics:

num_allocs_failed_limit: 0.
num_arena_births: 250.
num_arena_deaths: 0.
num_vsnodes_births: 2.
num_vsnodes_deaths: 0.
num_space_committed: 186.
num_space_uncommitted: 0.
num_chunks_returned_to_freelist: 0.
num_chunks_taken_from_freelist: 556.
num_chunk_merges: 0.
num_chunk_splits: 368.
num_chunks_enlarged: 256.
num_inconsistent_stats: 0.

CodeHeap 'non-profiled nmethods': size=119168Kb used=1034Kb max_used=1034Kb free=118133Kb
 bounds [0x000002820e930000, 0x000002820eba0000, 0x0000028215d90000]
CodeHeap 'profiled nmethods': size=119104Kb used=5300Kb max_used=5300Kb free=113803Kb
 bounds [0x0000028206d90000, 0x00000282072c0000, 0x000002820e1e0000]
CodeHeap 'non-nmethods': size=7488Kb used=2921Kb max_used=2941Kb free=4566Kb
 bounds [0x000002820e1e0000, 0x000002820e4d0000, 0x000002820e930000]
CodeCache: size=245760Kb, used=9255Kb, max_used=9275Kb, free=236502Kb
 total_blobs=3193, nmethods=2696, adapters=400, full_count=0
Compilation: enabled, stopped_count=0, restarted_count=0

Compilation events (20 events):
Event: 3.167 Thread 0x000002825cc7cdc0 2635       3       jdk.internal.org.objectweb.asm.ClassVisitor::<init> (7 bytes)
Event: 3.167 Thread 0x000002825cab37a0 2636       3       jdk.internal.org.objectweb.asm.ClassVisitor::<init> (78 bytes)
Event: 3.167 Thread 0x000002825e83cb50 nmethod 2633 0x0000028207296490 code [0x0000028207296640, 0x0000028207296788]
Event: 3.167 Thread 0x000002825cc7cdc0 nmethod 2635 0x0000028207296810 code [0x00000282072969c0, 0x0000028207296b08]
Event: 3.167 Thread 0x000002825e83cb50 2637       3       jdk.internal.org.objectweb.asm.SymbolTable::<init> (41 bytes)
Event: 3.167 Thread 0x000002825ca2e2c0 nmethod 2634 0x0000028207296b90 code [0x0000028207296d80, 0x00000282072971d8]
Event: 3.167 Thread 0x000002825e83cb50 nmethod 2637 0x0000028207297390 code [0x0000028207297540, 0x0000028207297968]
Event: 3.167 Thread 0x000002825cab37a0 nmethod 2636 0x0000028207297a90 code [0x0000028207297cc0, 0x0000028207298418]
Event: 3.167 Thread 0x000002825e4d6900 2638       4       jdk.internal.util.ReferencedKeyMap::removeStaleReferences (30 bytes)
Event: 3.170 Thread 0x000002825e4d6900 nmethod 2638 0x000002820ea2d410 code [0x000002820ea2d600, 0x000002820ea2dca8]
Event: 3.191 Thread 0x000002825ca2e2c0 2639       3       java.util.Arrays::fill (28 bytes)
Event: 3.191 Thread 0x000002825ca2e2c0 nmethod 2639 0x0000028207298710 code [0x00000282072988c0, 0x0000028207298ad0]
Event: 3.191 Thread 0x000002825e4d6900 2640 %     4       java.util.Arrays::fill @ 10 (28 bytes)
Event: 3.195 Thread 0x000002825e4d6900 nmethod 2640% 0x000002820ea2df10 code [0x000002820ea2e0a0, 0x000002820ea2e270]
Event: 3.196 Thread 0x000002825cc7cdc0 2641   !   3       org.eclipse.osgi.storage.bundlefile.CloseableBundleFile::getEntry (28 bytes)
Event: 3.196 Thread 0x000002825cab37a0 2642       3       org.eclipse.osgi.storage.bundlefile.ZipBundleFile::findEntry (62 bytes)
Event: 3.197 Thread 0x000002825cc7cdc0 nmethod 2641 0x0000028207298c10 code [0x0000028207298e40, 0x00000282072997e0]
Event: 3.197 Thread 0x000002825cab37a0 nmethod 2642 0x0000028207299b10 code [0x0000028207299da0, 0x000002820729a9a8]
Event: 3.197 Thread 0x000002825cc7cdc0 2643       3       com.sun.org.apache.xerces.internal.util.XMLChar::isContent (35 bytes)
Event: 3.197 Thread 0x000002825cc7cdc0 nmethod 2643 0x000002820729ae90 code [0x000002820729b040, 0x000002820729b248]

GC Heap History (6 events):
Event: 1.122 GC heap before
{Heap before GC invocations=1 (full 0):
 PSYoungGen      total 29696K, used 25600K [0x00000000d5580000, 0x00000000d7680000, 0x0000000100000000)
  eden space 25600K, 100% used [0x00000000d5580000,0x00000000d6e80000,0x00000000d6e80000)
  from space 4096K, 0% used [0x00000000d7280000,0x00000000d7280000,0x00000000d7680000)
  to   space 4096K, 0% used [0x00000000d6e80000,0x00000000d6e80000,0x00000000d7280000)
 ParOldGen       total 68608K, used 0K [0x0000000080000000, 0x0000000084300000, 0x00000000d5580000)
  object space 68608K, 0% used [0x0000000080000000,0x0000000080000000,0x0000000084300000)
 Metaspace       used 4465K, committed 4736K, reserved 1114112K
  class space    used 487K, committed 576K, reserved 1048576K
}
Event: 1.129 GC heap after
{Heap after GC invocations=1 (full 0):
 PSYoungGen      total 29696K, used 3457K [0x00000000d5580000, 0x00000000d7680000, 0x0000000100000000)
  eden space 25600K, 0% used [0x00000000d5580000,0x00000000d5580000,0x00000000d6e80000)
  from space 4096K, 84% used [0x00000000d6e80000,0x00000000d71e0428,0x00000000d7280000)
  to   space 4096K, 0% used [0x00000000d7280000,0x00000000d7280000,0x00000000d7680000)
 ParOldGen       total 68608K, used 16K [0x0000000080000000, 0x0000000084300000, 0x00000000d5580000)
  object space 68608K, 0% used [0x0000000080000000,0x0000000080004000,0x0000000084300000)
 Metaspace       used 4465K, committed 4736K, reserved 1114112K
  class space    used 487K, committed 576K, reserved 1048576K
}
Event: 1.670 GC heap before
{Heap before GC invocations=2 (full 0):
 PSYoungGen      total 29696K, used 29057K [0x00000000d5580000, 0x00000000d7680000, 0x0000000100000000)
  eden space 25600K, 100% used [0x00000000d5580000,0x00000000d6e80000,0x00000000d6e80000)
  from space 4096K, 84% used [0x00000000d6e80000,0x00000000d71e0428,0x00000000d7280000)
  to   space 4096K, 0% used [0x00000000d7280000,0x00000000d7280000,0x00000000d7680000)
 ParOldGen       total 68608K, used 16K [0x0000000080000000, 0x0000000084300000, 0x00000000d5580000)
  object space 68608K, 0% used [0x0000000080000000,0x0000000080004000,0x0000000084300000)
 Metaspace       used 8338K, committed 8640K, reserved 1114112K
  class space    used 881K, committed 1024K, reserved 1048576K
}
Event: 1.674 GC heap after
{Heap after GC invocations=2 (full 0):
 PSYoungGen      total 29696K, used 4077K [0x00000000d5580000, 0x00000000d7680000, 0x0000000100000000)
  eden space 25600K, 0% used [0x00000000d5580000,0x00000000d5580000,0x00000000d6e80000)
  from space 4096K, 99% used [0x00000000d7280000,0x00000000d767b498,0x00000000d7680000)
  to   space 4096K, 0% used [0x00000000d6e80000,0x00000000d6e80000,0x00000000d7280000)
 ParOldGen       total 68608K, used 48K [0x0000000080000000, 0x0000000084300000, 0x00000000d5580000)
  object space 68608K, 0% used [0x0000000080000000,0x000000008000c000,0x0000000084300000)
 Metaspace       used 8338K, committed 8640K, reserved 1114112K
  class space    used 881K, committed 1024K, reserved 1048576K
}
Event: 3.024 GC heap before
{Heap before GC invocations=3 (full 0):
 PSYoungGen      total 29696K, used 29677K [0x00000000d5580000, 0x00000000d7680000, 0x0000000100000000)
  eden space 25600K, 100% used [0x00000000d5580000,0x00000000d6e80000,0x00000000d6e80000)
  from space 4096K, 99% used [0x00000000d7280000,0x00000000d767b498,0x00000000d7680000)
  to   space 4096K, 0% used [0x00000000d6e80000,0x00000000d6e80000,0x00000000d7280000)
 ParOldGen       total 68608K, used 48K [0x0000000080000000, 0x0000000084300000, 0x00000000d5580000)
  object space 68608K, 0% used [0x0000000080000000,0x000000008000c000,0x0000000084300000)
 Metaspace       used 8952K, committed 9280K, reserved 1114112K
  class space    used 929K, committed 1088K, reserved 1048576K
}
Event: 3.031 GC heap after
{Heap after GC invocations=3 (full 0):
 PSYoungGen      total 29696K, used 4078K [0x00000000d5580000, 0x00000000d7680000, 0x0000000100000000)
  eden space 25600K, 0% used [0x00000000d5580000,0x00000000d5580000,0x00000000d6e80000)
  from space 4096K, 99% used [0x00000000d6e80000,0x00000000d727bb28,0x00000000d7280000)
  to   space 4096K, 0% used [0x00000000d7280000,0x00000000d7280000,0x00000000d7680000)
 ParOldGen       total 68608K, used 6122K [0x0000000080000000, 0x0000000084300000, 0x00000000d5580000)
  object space 68608K, 8% used [0x0000000080000000,0x00000000805faa40,0x0000000084300000)
 Metaspace       used 8952K, committed 9280K, reserved 1114112K
  class space    used 929K, committed 1088K, reserved 1048576K
}

Dll operation events (18 events):
Event: 0.054 Attempting to load shared library c:\Users\localuser\.vscode\extensions\redhat.java-1.56.0-win32-x64\jre\21.0.12.1-win32-x86_64\bin\java.dll
Event: 0.054 Loaded shared library c:\Users\localuser\.vscode\extensions\redhat.java-1.56.0-win32-x64\jre\21.0.12.1-win32-x86_64\bin\java.dll
Event: 0.121 Attempting to load shared library c:\Users\localuser\.vscode\extensions\redhat.java-1.56.0-win32-x64\jre\21.0.12.1-win32-x86_64\bin\zip.dll
Event: 0.124 Loaded shared library c:\Users\localuser\.vscode\extensions\redhat.java-1.56.0-win32-x64\jre\21.0.12.1-win32-x86_64\bin\zip.dll
Event: 0.208 Attempting to load shared library C:\Users\localuser\.vscode\extensions\redhat.java-1.56.0-win32-x64\jre\21.0.12.1-win32-x86_64\bin\instrument.dll
Event: 0.208 Loaded shared library C:\Users\localuser\.vscode\extensions\redhat.java-1.56.0-win32-x64\jre\21.0.12.1-win32-x86_64\bin\instrument.dll
Event: 0.214 Attempting to load shared library C:\Users\localuser\.vscode\extensions\redhat.java-1.56.0-win32-x64\jre\21.0.12.1-win32-x86_64\bin\net.dll
Event: 0.216 Loaded shared library C:\Users\localuser\.vscode\extensions\redhat.java-1.56.0-win32-x64\jre\21.0.12.1-win32-x86_64\bin\net.dll
Event: 0.220 Attempting to load shared library C:\Users\localuser\.vscode\extensions\redhat.java-1.56.0-win32-x64\jre\21.0.12.1-win32-x86_64\bin\nio.dll
Event: 0.222 Loaded shared library C:\Users\localuser\.vscode\extensions\redhat.java-1.56.0-win32-x64\jre\21.0.12.1-win32-x86_64\bin\nio.dll
Event: 0.226 Attempting to load shared library C:\Users\localuser\.vscode\extensions\redhat.java-1.56.0-win32-x64\jre\21.0.12.1-win32-x86_64\bin\zip.dll
Event: 0.226 Loaded shared library C:\Users\localuser\.vscode\extensions\redhat.java-1.56.0-win32-x64\jre\21.0.12.1-win32-x86_64\bin\zip.dll
Event: 0.246 Attempting to load shared library C:\Users\localuser\.vscode\extensions\redhat.java-1.56.0-win32-x64\jre\21.0.12.1-win32-x86_64\bin\jimage.dll
Event: 0.246 Loaded shared library C:\Users\localuser\.vscode\extensions\redhat.java-1.56.0-win32-x64\jre\21.0.12.1-win32-x86_64\bin\jimage.dll
Event: 0.334 Attempting to load shared library c:\Users\localuser\.vscode\extensions\redhat.java-1.56.0-win32-x64\jre\21.0.12.1-win32-x86_64\bin\verify.dll
Event: 0.337 Loaded shared library c:\Users\localuser\.vscode\extensions\redhat.java-1.56.0-win32-x64\jre\21.0.12.1-win32-x86_64\bin\verify.dll
Event: 2.977 Attempting to load shared library C:\Users\localuser\AppData\Roaming\Code\User\globalStorage\redhat.java\1.56.0\config_ss_win\org.eclipse.equinox.launcher\org.eclipse.equinox.launcher.win32.win32.x86_64_1.3.100.v20260804-1928\eclipse_11924.dll
Event: 2.979 Loaded shared library C:\Users\localuser\AppData\Roaming\Code\User\globalStorage\redhat.java\1.56.0\config_ss_win\org.eclipse.equinox.launcher\org.eclipse.equinox.launcher.win32.win32.x86_64_1.3.100.v20260804-1928\eclipse_11924.dll

Deoptimization events (20 events):
Event: 3.072 Thread 0x000002825ea9d180 DEOPT PACKING pc=0x0000028206f2fc88 sp=0x000000fb4b2fd1a0
Event: 3.072 Thread 0x000002825ea9d180 DEOPT UNPACKING pc=0x000002820e234242 sp=0x000000fb4b2fc620 mode 0
Event: 3.073 Thread 0x000002825ea9d180 DEOPT PACKING pc=0x0000028206ea3786 sp=0x000000fb4b2fcfb0
Event: 3.073 Thread 0x000002825ea9d180 DEOPT UNPACKING pc=0x000002820e234242 sp=0x000000fb4b2fc430 mode 0
Event: 3.073 Thread 0x000002825ea9d180 DEOPT PACKING pc=0x0000028206f2fc88 sp=0x000000fb4b2fd0f0
Event: 3.073 Thread 0x000002825ea9d180 DEOPT UNPACKING pc=0x000002820e234242 sp=0x000000fb4b2fc570 mode 0
Event: 3.074 Thread 0x000002825ea9d180 DEOPT PACKING pc=0x0000028206f2fc88 sp=0x000000fb4b2fd400
Event: 3.074 Thread 0x000002825ea9d180 DEOPT UNPACKING pc=0x000002820e234242 sp=0x000000fb4b2fc880 mode 0
Event: 3.105 Thread 0x000002825ea9f250 Uncommon trap: trap_request=0xffffff6e fr.pc=0x000002820e9a4da8 relative=0x0000000000000368
Event: 3.105 Thread 0x000002825ea9f250 Uncommon trap: reason=loop_limit_check action=maybe_recompile pc=0x000002820e9a4da8 method=java.lang.StringLatin1.indexOf([BI[BII)I @ 37 c2
Event: 3.105 Thread 0x000002825ea9f250 DEOPT PACKING pc=0x000002820e9a4da8 sp=0x000000fb4a0f8fe0
Event: 3.105 Thread 0x000002825ea9f250 DEOPT UNPACKING pc=0x000002820e233aa2 sp=0x000000fb4a0f8f40 mode 2
Event: 3.149 Thread 0x000002825ea9f250 Uncommon trap: trap_request=0xffffffde fr.pc=0x000002820e9fe818 relative=0x0000000000000078
Event: 3.149 Thread 0x000002825ea9f250 Uncommon trap: reason=class_check action=maybe_recompile pc=0x000002820e9fe818 method=java.util.Collections$3.hasMoreElements()Z @ 4 c2
Event: 3.149 Thread 0x000002825ea9f250 DEOPT PACKING pc=0x000002820e9fe818 sp=0x000000fb4a0fe800
Event: 3.149 Thread 0x000002825ea9f250 DEOPT UNPACKING pc=0x000002820e233aa2 sp=0x000000fb4a0fe790 mode 2
Event: 3.149 Thread 0x000002825ea9f250 Uncommon trap: trap_request=0xffffffde fr.pc=0x000002820e9fe818 relative=0x0000000000000078
Event: 3.149 Thread 0x000002825ea9f250 Uncommon trap: reason=class_check action=maybe_recompile pc=0x000002820e9fe818 method=java.util.Collections$3.hasMoreElements()Z @ 4 c2
Event: 3.149 Thread 0x000002825ea9f250 DEOPT PACKING pc=0x000002820e9fe818 sp=0x000000fb4a0fe800
Event: 3.149 Thread 0x000002825ea9f250 DEOPT UNPACKING pc=0x000002820e233aa2 sp=0x000000fb4a0fe790 mode 2

Classes loaded (20 events):
Event: 3.190 Loading class com/sun/xml/internal/stream/Entity$ScannedEntity
Event: 3.190 Loading class com/sun/xml/internal/stream/Entity
Event: 3.190 Loading class com/sun/xml/internal/stream/Entity done
Event: 3.190 Loading class com/sun/xml/internal/stream/Entity$ScannedEntity done
Event: 3.190 Loading class com/sun/org/apache/xerces/internal/util/XMLChar
Event: 3.191 Loading class com/sun/org/apache/xerces/internal/util/XMLChar done
Event: 3.191 Loading class com/sun/org/apache/xerces/internal/util/XMLSymbols
Event: 3.191 Loading class com/sun/org/apache/xerces/internal/util/XMLSymbols done
Event: 3.192 Loading class com/sun/org/apache/xerces/internal/parsers/AbstractSAXParser$LocatorProxy
Event: 3.192 Loading class org/xml/sax/ext/Locator2
Event: 3.192 Loading class org/xml/sax/Locator
Event: 3.192 Loading class org/xml/sax/Locator done
Event: 3.192 Loading class org/xml/sax/ext/Locator2 done
Event: 3.192 Loading class com/sun/org/apache/xerces/internal/parsers/AbstractSAXParser$LocatorProxy done
Event: 3.192 Loading class com/sun/org/apache/xerces/internal/impl/XMLScanner$NameType
Event: 3.192 Loading class com/sun/org/apache/xerces/internal/impl/XMLScanner$NameType done
Event: 3.192 Loading class com/sun/org/apache/xerces/internal/impl/Constants
Event: 3.193 Loading class com/sun/org/apache/xerces/internal/impl/Constants done
Event: 3.193 Loading class com/sun/org/apache/xerces/internal/impl/Constants$ArrayEnumeration
Event: 3.193 Loading class com/sun/org/apache/xerces/internal/impl/Constants$ArrayEnumeration done

Classes unloaded (0 events):
No events

Classes redefined (0 events):
No events

Internal exceptions (20 events):
Event: 1.164 Thread 0x000002820185cf00 Exception <a 'java/lang/ClassNotFoundException'{0x00000000d58070e8}: sun/net/www/protocol/c/Handler> (0x00000000d58070e8) 
thrown [s\src\hotspot\share\classfile\systemDictionary.cpp, line 313]
Event: 1.173 Thread 0x000002820185cf00 Exception <a 'java/io/FileNotFoundException'{0x00000000d582ee48}> (0x00000000d582ee48) 
thrown [s\src\hotspot\share\prims\jni.cpp, line 520]
Event: 1.206 Thread 0x000002820185cf00 Implicit null exception at 0x000002820e991fc9 to 0x000002820e99293c
Event: 1.206 Thread 0x000002820185cf00 Implicit null exception at 0x000002820e9a049a to 0x000002820e9a06a0
Event: 1.208 Thread 0x000002820185cf00 Exception <a 'java/lang/NoSuchMethodError'{0x00000000d59a21d8}: 'void java.lang.invoke.DirectMethodHandle$Holder.invokeStatic(java.lang.Object, java.lang.Object, java.lang.Object, java.lang.Object)'> (0x00000000d59a21d8) 
thrown [s\src\hotspot\share\interpreter\linkResolver.cpp, line 773]
Event: 1.210 Thread 0x000002820185cf00 Implicit null exception at 0x000002820e99119a to 0x000002820e991394
Event: 1.210 Thread 0x000002820185cf00 Implicit null exception at 0x000002820e99183d to 0x000002820e9918c1
Event: 1.341 Thread 0x000002820185cf00 Exception <a 'java/lang/NoSuchMethodError'{0x00000000d5e28560}: 'int java.lang.invoke.DirectMethodHandle$Holder.invokeVirtual(java.lang.Object, java.lang.Object)'> (0x00000000d5e28560) 
thrown [s\src\hotspot\share\interpreter\linkResolver.cpp, line 773]
Event: 1.587 Thread 0x000002820185cf00 Exception <a 'java/lang/IncompatibleClassChangeError'{0x00000000d67f1630}: Found class java.lang.Object, but interface was expected> (0x00000000d67f1630) 
thrown [s\src\hotspot\share\interpreter\linkResolver.cpp, line 840]
Event: 1.588 Thread 0x000002820185cf00 Exception <a 'java/lang/NoSuchMethodError'{0x00000000d67fa0d0}: 'void java.lang.invoke.DirectMethodHandle$Holder.invokeInterface(java.lang.Object, java.lang.Object, java.lang.Object)'> (0x00000000d67fa0d0) 
thrown [s\src\hotspot\share\interpreter\linkResolver.cpp, line 773]
Event: 1.605 Thread 0x000002820185cf00 Exception <a 'java/lang/NoSuchMethodError'{0x00000000d6a07eb0}: 'int java.lang.invoke.DirectMethodHandle$Holder.invokeStaticInit(java.lang.Object, java.lang.Object, java.lang.Object, java.lang.Object)'> (0x00000000d6a07eb0) 
thrown [s\src\hotspot\share\interpreter\linkResolver.cpp, line 773]
Event: 1.606 Thread 0x000002820185cf00 Exception <a 'java/lang/NoSuchMethodError'{0x00000000d6a12760}: 'void java.lang.invoke.DirectMethodHandle$Holder.invokeStaticInit(java.lang.Object, java.lang.Object)'> (0x00000000d6a12760) 
thrown [s\src\hotspot\share\interpreter\linkResolver.cpp, line 773]
Event: 1.607 Thread 0x000002820185cf00 Exception <a 'java/lang/NoSuchMethodError'{0x00000000d6a17c80}: 'int java.lang.invoke.DirectMethodHandle$Holder.invokeStaticInit(java.lang.Object, java.lang.Object)'> (0x00000000d6a17c80) 
thrown [s\src\hotspot\share\interpreter\linkResolver.cpp, line 773]
Event: 1.633 Thread 0x000002820185cf00 Exception <a 'java/lang/NoSuchMethodError'{0x00000000d6c0a528}: 'java.lang.Object java.lang.invoke.DirectMethodHandle$Holder.newInvokeSpecial(java.lang.Object, int, java.lang.Object)'> (0x00000000d6c0a528) 
thrown [s\src\hotspot\share\interpreter\linkResolver.cpp, line 773]
Event: 1.657 Thread 0x000002820185cf00 Exception <a 'java/lang/ClassNotFoundException'{0x00000000d6d8fad8}: sun/net/www/protocol/plurl/Handler> (0x00000000d6d8fad8) 
thrown [s\src\hotspot\share\classfile\systemDictionary.cpp, line 313]
Event: 1.657 Thread 0x000002820185cf00 Exception <a 'java/lang/ClassNotFoundException'{0x00000000d6d90958}: sun/net/www/protocol/plurl/Handler> (0x00000000d6d90958) 
thrown [s\src\hotspot\share\classfile\systemDictionary.cpp, line 313]
Event: 1.659 Thread 0x000002820185cf00 Exception <a 'java/lang/NoSuchMethodError'{0x00000000d6dd0d00}: 'void java.lang.invoke.DirectMethodHandle$Holder.invokeSpecial(java.lang.Object, java.lang.Object, java.lang.Object)'> (0x00000000d6dd0d00) 
thrown [s\src\hotspot\share\interpreter\linkResolver.cpp, line 773]
Event: 2.976 Thread 0x000002820185cf00 Exception <a 'java/lang/UnsatisfiedLinkError'{0x00000000d6722928}: 'void org.eclipse.equinox.launcher.JNIBridge._update_splash()'> (0x00000000d6722928) 
thrown [s\src\hotspot\share\prims\nativeLookup.cpp, line 415]
Event: 3.149 Thread 0x000002825ea9f250 Exception <a 'java/lang/NullPointerException'{0x00000000d5ee3c20}> (0x00000000d5ee3c20) 
thrown [s\src\hotspot\share\interpreter\linkResolver.cpp, line 1372]
Event: 3.149 Thread 0x000002825ea9f250 Exception <a 'java/lang/NullPointerException'{0x00000000d5ee3f00}> (0x00000000d5ee3f00) 
thrown [s\src\hotspot\share\interpreter\linkResolver.cpp, line 1372]

ZGC Phase Switch (0 events):
No events

VM Operations (20 events):
Event: 0.650 Executing non-safepoint VM operation: HandshakeAllThreads (Deoptimize)
Event: 0.650 Executing non-safepoint VM operation: HandshakeAllThreads (Deoptimize) done
Event: 1.121 Executing safepoint VM operation: ParallelGCFailedAllocation (Allocation Failure)
Event: 1.129 Executing safepoint VM operation: ParallelGCFailedAllocation (Allocation Failure) done
Event: 1.146 Executing non-safepoint VM operation: HandshakeAllThreads (Deoptimize)
Event: 1.146 Executing non-safepoint VM operation: HandshakeAllThreads (Deoptimize) done
Event: 1.621 Executing non-safepoint VM operation: HandshakeAllThreads (Deoptimize)
Event: 1.621 Executing non-safepoint VM operation: HandshakeAllThreads (Deoptimize) done
Event: 1.654 Executing non-safepoint VM operation: HandshakeAllThreads (Deoptimize)
Event: 1.654 Executing non-safepoint VM operation: HandshakeAllThreads (Deoptimize) done
Event: 1.670 Executing safepoint VM operation: ParallelGCFailedAllocation (Allocation Failure)
Event: 1.674 Executing safepoint VM operation: ParallelGCFailedAllocation (Allocation Failure) done
Event: 2.680 Executing safepoint VM operation: Cleanup
Event: 2.680 Executing safepoint VM operation: Cleanup done
Event: 2.977 Executing non-safepoint VM operation: HandshakeAllThreads (Deoptimize)
Event: 2.977 Executing non-safepoint VM operation: HandshakeAllThreads (Deoptimize) done
Event: 3.003 Executing non-safepoint VM operation: HandshakeAllThreads (Deoptimize)
Event: 3.003 Executing non-safepoint VM operation: HandshakeAllThreads (Deoptimize) done
Event: 3.024 Executing safepoint VM operation: ParallelGCFailedAllocation (Allocation Failure)
Event: 3.031 Executing safepoint VM operation: ParallelGCFailedAllocation (Allocation Failure) done

Memory protections (0 events):
No events

Nmethod flushes (0 events):
No events

Events (20 events):
Event: 1.998 Thread 0x000002826341fd30 Thread exited: 0x000002826341fd30
Event: 1.998 Thread 0x00000282630c4f20 Thread exited: 0x00000282630c4f20
Event: 2.250 Thread 0x000002825cc7d470 Thread exited: 0x000002825cc7d470
Event: 2.766 Thread 0x000002820185cf00 Thread added: 0x000002825ea9e530
Event: 2.768 Thread 0x000002820185cf00 Thread added: 0x000002825ea9f250
Event: 2.794 Thread 0x000002825ca2e2c0 Thread added: 0x00000282633ebc80
Event: 2.801 Thread 0x000002825ca2e2c0 Thread added: 0x000002825e4d6900
Event: 2.974 Thread 0x000002820185cf00 Thread added: 0x000002825ea9d180
Event: 3.008 Thread 0x000002825cab37a0 Thread added: 0x000002825e83cb50
Event: 3.010 Thread 0x000002825ea9d180 Thread added: 0x000002825ea9caf0
Event: 3.010 Thread 0x000002825ea9d180 Thread added: 0x000002825ea9ebc0
Event: 3.010 Thread 0x000002825ea9d180 Thread added: 0x000002825ea9d810
Event: 3.010 Thread 0x000002825ea9ebc0 Thread added: 0x000002825ea9ff70
Event: 3.010 Thread 0x000002825ea9d180 Thread added: 0x000002825ea9dea0
Event: 3.011 Thread 0x000002825ea9caf0 Thread added: 0x0000028263518240
Event: 3.011 Thread 0x000002825ea9d180 Thread added: 0x00000282635195f0
Event: 3.011 Thread 0x000002825ea9d180 Thread added: 0x0000028263517bb0
Event: 3.011 Thread 0x00000282635195f0 Thread added: 0x0000028263516e90
Event: 3.011 Thread 0x000002825ea9d180 Thread added: 0x0000028263517520
Event: 3.123 Thread 0x000002825ea9f250 Thread added: 0x00000282635188d0


Dynamic libraries:
0x00007ff696030000 - 0x00007ff69603e000 	c:\Users\localuser\.vscode\extensions\redhat.java-1.56.0-win32-x64\jre\21.0.12.1-win32-x86_64\bin\java.exe
0x00007ff905540000 - 0x00007ff9057a7000 	C:\WINDOWS\SYSTEM32\ntdll.dll
0x00007ff904270000 - 0x00007ff904339000 	C:\WINDOWS\System32\KERNEL32.DLL
0x00007ff902d40000 - 0x00007ff903131000 	C:\WINDOWS\System32\KERNELBASE.dll
0x00007ff902010000 - 0x00007ff90215b000 	C:\WINDOWS\System32\ucrtbase.dll
0x00007ff8df340000 - 0x00007ff8df358000 	c:\Users\localuser\.vscode\extensions\redhat.java-1.56.0-win32-x64\jre\21.0.12.1-win32-x86_64\bin\jli.dll
0x00007ff904e50000 - 0x00007ff905015000 	C:\WINDOWS\System32\USER32.dll
0x00007ff903140000 - 0x00007ff903167000 	C:\WINDOWS\System32\win32u.dll
0x00007ff8de410000 - 0x00007ff8de42e000 	c:\Users\localuser\.vscode\extensions\redhat.java-1.56.0-win32-x64\jre\21.0.12.1-win32-x86_64\bin\VCRUNTIME140.dll
0x00007ff8d9720000 - 0x00007ff8d99b3000 	C:\WINDOWS\WinSxS\amd64_microsoft.windows.common-controls_6595b64144ccf1df_6.0.26100.8037_none_3e092faae333b53b\COMCTL32.dll
0x00007ff9050f0000 - 0x00007ff90511b000 	C:\WINDOWS\System32\GDI32.dll
0x00007ff9045c0000 - 0x00007ff904669000 	C:\WINDOWS\System32\msvcrt.dll
0x00007ff901ee0000 - 0x00007ff90200b000 	C:\WINDOWS\System32\gdi32full.dll
0x00007ff902be0000 - 0x00007ff902c83000 	C:\WINDOWS\System32\msvcp_win.dll
0x00007ff9050a0000 - 0x00007ff9050d1000 	C:\WINDOWS\System32\IMM32.DLL
0x00007ff8def10000 - 0x00007ff8def1c000 	c:\Users\localuser\.vscode\extensions\redhat.java-1.56.0-win32-x64\jre\21.0.12.1-win32-x86_64\bin\vcruntime140_1.dll
0x00007ff8db7d0000 - 0x00007ff8db85d000 	c:\Users\localuser\.vscode\extensions\redhat.java-1.56.0-win32-x64\jre\21.0.12.1-win32-x86_64\bin\msvcp140.dll
0x00007ffffd9a0000 - 0x00007ffffe742000 	c:\Users\localuser\.vscode\extensions\redhat.java-1.56.0-win32-x64\jre\21.0.12.1-win32-x86_64\bin\server\jvm.dll
0x00007ff9043e0000 - 0x00007ff90449b000 	C:\WINDOWS\System32\ADVAPI32.dll
0x00007ff904c60000 - 0x00007ff904d07000 	C:\WINDOWS\System32\sechost.dll
0x00007ff9044a0000 - 0x00007ff9045b8000 	C:\WINDOWS\System32\RPCRT4.dll
0x00007ff9041f0000 - 0x00007ff904264000 	C:\WINDOWS\System32\WS2_32.dll
0x00007ff8fa2e0000 - 0x00007ff8fa2eb000 	C:\WINDOWS\SYSTEM32\VERSION.dll
0x00007ff8f9f00000 - 0x00007ff8f9f35000 	C:\WINDOWS\SYSTEM32\WINMM.dll
0x00007ff901c80000 - 0x00007ff901cde000 	C:\WINDOWS\SYSTEM32\POWRPROF.dll
0x00007ff901c60000 - 0x00007ff901c74000 	C:\WINDOWS\SYSTEM32\UMPDC.dll
0x00007ff900a40000 - 0x00007ff900a5b000 	C:\WINDOWS\SYSTEM32\kernel.appcore.dll
0x00007ff8deea0000 - 0x00007ff8deeaa000 	c:\Users\localuser\.vscode\extensions\redhat.java-1.56.0-win32-x64\jre\21.0.12.1-win32-x86_64\bin\jimage.dll
0x00007ff8ffa40000 - 0x00007ff8ffc82000 	C:\WINDOWS\SYSTEM32\DBGHELP.DLL
0x00007ff905120000 - 0x00007ff9054a2000 	C:\WINDOWS\System32\combase.dll
0x00007ff904110000 - 0x00007ff9041e7000 	C:\WINDOWS\System32\OLEAUT32.dll
0x00007ff8e0200000 - 0x00007ff8e023b000 	C:\WINDOWS\SYSTEM32\dbgcore.DLL
0x00007ff902c90000 - 0x00007ff902d35000 	C:\WINDOWS\System32\bcryptPrimitives.dll
0x00007ff8dec10000 - 0x00007ff8dec1f000 	c:\Users\localuser\.vscode\extensions\redhat.java-1.56.0-win32-x64\jre\21.0.12.1-win32-x86_64\bin\instrument.dll
0x00007ff8ddd30000 - 0x00007ff8ddd50000 	c:\Users\localuser\.vscode\extensions\redhat.java-1.56.0-win32-x64\jre\21.0.12.1-win32-x86_64\bin\java.dll
0x00007ff9034c0000 - 0x00007ff903c1f000 	C:\WINDOWS\System32\SHELL32.dll
0x00007ff903170000 - 0x00007ff9032da000 	C:\WINDOWS\System32\wintypes.dll
0x00007ff902160000 - 0x00007ff9029c4000 	C:\WINDOWS\System32\windows.storage.dll
0x00007ff904010000 - 0x00007ff904107000 	C:\WINDOWS\System32\SHCORE.dll
0x00007ff903f70000 - 0x00007ff903fd7000 	C:\WINDOWS\System32\shlwapi.dll
0x00007ff901d40000 - 0x00007ff901d69000 	C:\WINDOWS\SYSTEM32\profapi.dll
0x00007ff8ddd10000 - 0x00007ff8ddd28000 	c:\Users\localuser\.vscode\extensions\redhat.java-1.56.0-win32-x64\jre\21.0.12.1-win32-x86_64\bin\zip.dll
0x00007ff8ddb40000 - 0x00007ff8ddb50000 	C:\Users\localuser\.vscode\extensions\redhat.java-1.56.0-win32-x64\jre\21.0.12.1-win32-x86_64\bin\net.dll
0x00007ff900a60000 - 0x00007ff900b87000 	C:\WINDOWS\SYSTEM32\WINHTTP.dll
0x00007ff9010c0000 - 0x00007ff90112b000 	C:\WINDOWS\system32\mswsock.dll
0x00007ff8c8ee0000 - 0x00007ff8c8ef6000 	C:\Users\localuser\.vscode\extensions\redhat.java-1.56.0-win32-x64\jre\21.0.12.1-win32-x86_64\bin\nio.dll
0x00007ff8dcf40000 - 0x00007ff8dcf50000 	c:\Users\localuser\.vscode\extensions\redhat.java-1.56.0-win32-x64\jre\21.0.12.1-win32-x86_64\bin\verify.dll
0x00007ff8560a0000 - 0x00007ff8560e5000 	C:\Users\localuser\AppData\Roaming\Code\User\globalStorage\redhat.java\1.56.0\config_ss_win\org.eclipse.equinox.launcher\org.eclipse.equinox.launcher.win32.win32.x86_64_1.3.100.v20260804-1928\eclipse_11924.dll
0x00007ff9032f0000 - 0x00007ff903485000 	C:\WINDOWS\System32\ole32.dll

JVMTI agents:
c:\Users\localuser\.vscode\extensions\redhat.java-1.56.0-win32-x64\lombok\lombok-1.18.39-4050.jar path:c:\Users\localuser\.vscode\extensions\redhat.java-1.56.0-win32-x64\jre\21.0.12.1-win32-x86_64\bin\instrument.dll, loaded, initialized, instrumentlib options:none

dbghelp: loaded successfully - version: 4.0.5 - missing functions: none
symbol engine: initialized successfully - sym options: 0x614 - pdb path: .;c:\Users\localuser\.vscode\extensions\redhat.java-1.56.0-win32-x64\jre\21.0.12.1-win32-x86_64\bin;C:\WINDOWS\SYSTEM32;C:\WINDOWS\WinSxS\amd64_microsoft.windows.common-controls_6595b64144ccf1df_6.0.26100.8037_none_3e092faae333b53b;c:\Users\localuser\.vscode\extensions\redhat.java-1.56.0-win32-x64\jre\21.0.12.1-win32-x86_64\bin\server;C:\Users\localuser\AppData\Roaming\Code\User\globalStorage\redhat.java\1.56.0\config_ss_win\org.eclipse.equinox.launcher\org.eclipse.equinox.launcher.win32.win32.x86_64_1.3.100.v20260804-1928

VM Arguments:
jvm_args: --add-modules=ALL-SYSTEM --add-opens=java.base/java.util=ALL-UNNAMED --add-opens=java.base/java.lang=ALL-UNNAMED --add-opens=java.base/sun.nio.fs=ALL-UNNAMED -Declipse.application=org.eclipse.jdt.ls.core.id1 -Dosgi.bundles.defaultStartLevel=4 -Declipse.product=org.eclipse.jdt.ls.core.product -Djava.import.generatesMetadataFilesAtProjectRoot=false -Dm2e.project.cache.size=50 -DDetectVMInstallationsJob.disabled=true -Dfile.encoding=utf8 -XX:+UseParallelGC -XX:GCTimeRatio=4 -XX:AdaptiveSizePolicyWeight=90 -Dsun.zip.disableMemoryMapping=true -Xmx2G -Xms100m -Xlog:disable -javaagent:c:\Users\localuser\.vscode\extensions\redhat.java-1.56.0-win32-x64\lombok\lombok-1.18.39-4050.jar 
java_command: c:\Users\localuser\.vscode\extensions\redhat.java-1.56.0-win32-x64\server\plugins\org.eclipse.equinox.launcher_1.8.0.v20260804-1928.jar -configuration c:\Users\localuser\AppData\Roaming\Code\User\globalStorage\redhat.java\1.56.0\config_ss_win -data c:\Users\localuser\AppData\Roaming\Code\User\workspaceStorage\7c67b59a268e226f197ea4c1d5366ed0\redhat.java\ss_ws --pipe=\\.\pipe\lsp-012afbb70d06cdd65c14a1eac07db98b-sock
java_class_path (initial): c:\Users\localuser\.vscode\extensions\redhat.java-1.56.0-win32-x64\server\plugins\org.eclipse.equinox.launcher_1.8.0.v20260804-1928.jar
Launcher Type: SUN_STANDARD

[Global flags]
    uintx AdaptiveSizePolicyWeight                 = 90                                        {product} {command line}
     intx CICompilerCount                          = 12                                        {product} {ergonomic}
    uintx GCTimeRatio                              = 4                                         {product} {command line}
   size_t InitialHeapSize                          = 104857600                                 {product} {command line}
   size_t MaxHeapSize                              = 2147483648                                {product} {command line}
   size_t MaxNewSize                               = 715653120                                 {product} {ergonomic}
   size_t MinHeapDeltaBytes                        = 524288                                    {product} {ergonomic}
   size_t MinHeapSize                              = 104857600                                 {product} {command line}
   size_t NewSize                                  = 34603008                                  {product} {ergonomic}
    uintx NonNMethodCodeHeapSize                   = 7602480                                {pd product} {ergonomic}
    uintx NonProfiledCodeHeapSize                  = 122027880                              {pd product} {ergonomic}
   size_t OldSize                                  = 70254592                                  {product} {ergonomic}
    uintx ProfiledCodeHeapSize                     = 122027880                              {pd product} {ergonomic}
    uintx ReservedCodeCacheSize                    = 251658240                              {pd product} {ergonomic}
     bool SegmentedCodeCache                       = true                                      {product} {ergonomic}
   size_t SoftMaxHeapSize                          = 2147483648                             {manageable} {ergonomic}
     bool UseCompressedOops                        = true                           {product lp64_product} {ergonomic}
     bool UseLargePagesIndividualAllocation        = false                                  {pd product} {ergonomic}
     bool UseParallelGC                            = true                                      {product} {command line}

Logging:
Log output configuration:
 #0: stdout all=off uptime,level,tags foldmultilines=false
 #1: stderr all=off uptime,level,tags foldmultilines=false

Release file:
JAVA_VERSION="21.0.12.1" 
MODULES="java.base java.compiler java.datatransfer java.xml java.prefs java.desktop java.instrument java.logging java.management java.security.sasl java.naming java.rmi java.management.rmi java.net.http java.scripting java.security.jgss java.transaction.xa java.sql java.sql.rowset java.xml.crypto java.se java.smartcardio jdk.accessibility jdk.internal.jvmstat jdk.attach jdk.charsets jdk.internal.opt jdk.zipfs jdk.compiler jdk.crypto.ec jdk.crypto.cryptoki jdk.crypto.mscapi jdk.dynalink jdk.internal.ed jdk.editpad jdk.hotspot.agent jdk.httpserver jdk.internal.le jdk.internal.vm.ci jdk.internal.vm.compiler jdk.internal.vm.compiler.management jdk.jartool jdk.javadoc jdk.jcmd jdk.management jdk.management.agent jdk.jconsole jdk.jdeps jdk.jdwp.agent jdk.jdi jdk.jfr jdk.jshell jdk.jsobject jdk.jstatd jdk.localedata jdk.management.jfr jdk.naming.dns jdk.naming.rmi jdk.net jdk.nio.mapmode jdk.random jdk.sctp jdk.security.auth jdk.security.jgss jdk.unsupported jdk.unsupported.desktop jdk.xml.dom" 

Environment Variables:
JAVA_HOME=C:\pleiades\2023-06\java\8\jre
PATH=C:\Program Files (x86)\NVIDIA Corporation\PhysX\Common;C:\Program Files\ImageMagick-7.1.1-Q16-HDRI;C:\Program Files\Common Files\Oracle\Java\javapath;C:\Windows\system32;C:\Windows;C:\Windows\System32\Wbem;C:\Windows\System32\WindowsPowerShell\v1.0\;C:\Windows\System32\OpenSSH\;C:\Program Files\Git\cmd;C:\Program Files\Microsoft SQL Server\Client SDK\ODBC\170\Tools\Binn\;C:\Program Files (x86)\Microsoft SQL Server\150\Tools\Binn\;C:\Program Files\Microsoft SQL Server\150\Tools\Binn\;C:\Program Files\Microsoft SQL Server\150\DTS\Binn\;C:\Program Files (x86)\Windows Kits\8.1\Windows Performance Toolkit\;C:\Program Files\dotnet\;C:\Users\localuser\AppData\Roaming\nvm;C:\Program Files\nodejs;C:\Program Files\Zero Install;C:\Program Files\nodejs\;C:\Program Files\EPSON\OPOS for .NET\Lib64;C:\Program Files (x86)\Incredibuild;C:\Program Files\Go\bin;C:\WINDOWS\system32;C:\WINDOWS;C:\WINDOWS\System32\Wbem;C:\WINDOWS\System32\WindowsPowerShell\v1.0\;C:\WINDOWS\System32\OpenSSH\;C:\Program Files\Microsoft SQL Server\170\Tools\Binn\;C:\Program Files (x86)\Windows Kits\10\Windows Performance Toolkit\;C:\Program Files (x86)\OPOS\Epson3\;C:\Program Files\MySQL\MySQL Server 8.0\bin;C:\Program Files\MySQL\MySQL Shell 8.0\bin\;C:\Users\localuser\AppData\Local\Programs\Python\Python310\Scripts\;C:\Users\localuser\AppData\Local\Programs\Python\Python310\;C:\Users\localuser\AppData\Local\Microsoft\WindowsApps;C:\Users\localuser\AppData\Local\Programs\Microsoft VS Code\bin;C:\gradle\bin;C:\MinGW\bin;C:\Users\localuser\.dotnet\tools;C:\Users\localuser\AppData\Local\GitHubDesktop\bin;C:\texlive\2023\bin\windows;C:\Program Files\heroku\bin;C:\ffmpeg-master-latest-win64-gpl\bin;C:\llvm-mingw\bin;C:\Program Files (x86)\GnuWin32\bin;C:\Users\localuser\AppData\Roaming\npm;C:\Users\localuser\go\bin
USERNAME=localuser
OS=Windows_NT
PROCESSOR_IDENTIFIER=AMD64 Family 25 Model 68 Stepping 1, AuthenticAMD
TMP=C:\Users\LOCALU~1\AppData\Local\Temp
TEMP=C:\Users\LOCALU~1\AppData\Local\Temp




Periodic native trim disabled

---------------  S Y S T E M  ---------------

OS:
 Windows 11 , 64 bit Build 26100 (10.0.26100.7920)
OS uptime: 0 days 4:53 hours
Hyper-V role detected

CPU: total 16 (initial active 16) (16 cores per cpu, 2 threads per core) family 25 model 68 stepping 1 microcode 0xa404102, cx8, cmov, fxsr, ht, mmx, 3dnowpref, sse, sse2, sse3, ssse3, sse4a, sse4.1, sse4.2, popcnt, lzcnt, tsc, tscinvbit, avx, avx2, aes, erms, clmul, bmi1, bmi2, adx, sha, fma, vzeroupper, clflush, clflushopt, hv, rdtscp, rdpid, fsrm, f16c, cet_ss
Processor Information for processor 0
  Max Mhz: 2701, Current Mhz: 2155, Mhz Limit: 2701
Processor Information for processor 1
  Max Mhz: 2701, Current Mhz: 2155, Mhz Limit: 2701
Processor Information for processor 2
  Max Mhz: 2701, Current Mhz: 2155, Mhz Limit: 2701
Processor Information for processor 3
  Max Mhz: 2701, Current Mhz: 2155, Mhz Limit: 2701
Processor Information for processor 4
  Max Mhz: 2701, Current Mhz: 2155, Mhz Limit: 2701
Processor Information for processor 5
  Max Mhz: 2701, Current Mhz: 2155, Mhz Limit: 2701
Processor Information for processor 6
  Max Mhz: 2701, Current Mhz: 2155, Mhz Limit: 2701
Processor Information for processor 7
  Max Mhz: 2701, Current Mhz: 2701, Mhz Limit: 2701
Processor Information for processor 8
  Max Mhz: 2701, Current Mhz: 2155, Mhz Limit: 2701
Processor Information for processor 9
  Max Mhz: 2701, Current Mhz: 2155, Mhz Limit: 2701
Processor Information for processor 10
  Max Mhz: 2701, Current Mhz: 2155, Mhz Limit: 2701
Processor Information for processor 11
  Max Mhz: 2701, Current Mhz: 2155, Mhz Limit: 2701
Processor Information for processor 12
  Max Mhz: 2701, Current Mhz: 2155, Mhz Limit: 2701
Processor Information for processor 13
  Max Mhz: 2701, Current Mhz: 2155, Mhz Limit: 2701
Processor Information for processor 14
  Max Mhz: 2701, Current Mhz: 2155, Mhz Limit: 2701
Processor Information for processor 15
  Max Mhz: 2701, Current Mhz: 2155, Mhz Limit: 2701

Memory: 4k page, system-wide physical 12046M (737M free)
TotalPageFile size 26160M (AvailPageFile size 0M)
current process WorkingSet (physical memory assigned to process): 125M, peak: 125M
current process commit charge ("private bytes"): 280M, peak: 280M

vm_info: OpenJDK 64-Bit Server VM (21.0.12.1+1-LTS) for windows-amd64 JRE (21.0.12.1+1-LTS), built on 2026-08-18T00:00:00Z by "admin" with MS VC++ 17.12 (VS2022)

END.
