#
# There is insufficient memory for the Java Runtime Environment to continue.
# Native memory allocation (malloc) failed to allocate 848976 bytes. Error detail: Chunk::new
# Possible reasons:
#   The system is out of physical RAM or swap space
#   This process is running with CompressedOops enabled, and the Java Heap may be blocking the growth of the native heap
# Possible solutions:
#   Reduce memory load on the system
#   Increase physical memory or swap space
#   Check if swap backing store is full
#   Decrease Java heap size (-Xmx/-Xms)
#   Decrease number of Java threads
#   Decrease Java thread stack sizes (-Xss)
#   Set larger code cache with -XX:ReservedCodeCacheSize=
#   JVM is running with Unscaled Compressed Oops mode in which the Java heap is
#     placed in the first 4GB address space. The Java Heap base address is the
#     maximum limit for the native heap growth. Please use -XX:HeapBaseMinAddress
#     to set the Java Heap base and to place the Java Heap above 4GB virtual address.
# This output file may be truncated or incomplete.
#
#  Out of Memory Error (arena.cpp:168), pid=21716, tid=16144
#
# JRE version: OpenJDK Runtime Environment Temurin-21.0.12.1+1 (21.0.12.1+1) (build 21.0.12.1+1-LTS)
# Java VM: OpenJDK 64-Bit Server VM Temurin-21.0.12.1+1 (21.0.12.1+1-LTS, mixed mode, sharing, tiered, compressed oops, compressed class ptrs, parallel gc, windows-amd64)
# No core dump will be written. Minidumps are not enabled by default on client versions of Windows
#

---------------  S U M M A R Y ------------

Command Line: --add-modules=ALL-SYSTEM --add-opens=java.base/java.util=ALL-UNNAMED --add-opens=java.base/java.lang=ALL-UNNAMED --add-opens=java.base/sun.nio.fs=ALL-UNNAMED -Declipse.application=org.eclipse.jdt.ls.core.id1 -Dosgi.bundles.defaultStartLevel=4 -Declipse.product=org.eclipse.jdt.ls.core.product -Djava.import.generatesMetadataFilesAtProjectRoot=false -Dm2e.project.cache.size=50 -DDetectVMInstallationsJob.disabled=true -Dfile.encoding=utf8 -XX:+UseParallelGC -XX:GCTimeRatio=4 -XX:AdaptiveSizePolicyWeight=90 -Dsun.zip.disableMemoryMapping=true -Xmx2G -Xms100m -Xlog:disable -javaagent:c:\Users\localuser\.vscode\extensions\redhat.java-1.56.0-win32-x64\lombok\lombok-1.18.39-4050.jar -XX:+HeapDumpOnOutOfMemoryError -XX:HeapDumpPath=c:\Users\localuser\AppData\Roaming\Code\User\workspaceStorage\7c67b59a268e226f197ea4c1d5366ed0\redhat.java -Daether.dependencyCollector.impl=bf c:\Users\localuser\.vscode\extensions\redhat.java-1.56.0-win32-x64\server\plugins\org.eclipse.equinox.launcher_1.8.0.v20260804-1928.jar -configuration c:\Users\localuser\AppData\Roaming\Code\User\globalStorage\redhat.java\1.56.0\config_win -data c:\Users\localuser\AppData\Roaming\Code\User\workspaceStorage\7c67b59a268e226f197ea4c1d5366ed0\redhat.java\jdt_ws --pipe=\\.\pipe\lsp-610332a54f063da8ba174cc05d81481c-sock

Host: AMD Ryzen 7 PRO 6850U with Radeon Graphics     , 16 cores, 11G,  Windows 11 , 64 bit Build 26100 (10.0.26100.7920)
Time: Thu Sep 17 00:17:53 2026 elapsed time: 3.218145 seconds (0d 0h 0m 3s)

---------------  T H R E A D  ---------------

Current thread (0x00000269a929e810):  JavaThread "C2 CompilerThread0" daemon [_thread_in_native, id=16144, stack(0x0000007203500000,0x0000007203600000) (1024K)]


Current CompileTask:
C2:3218 2579       4       org.apache.felix.resolver.PackageSpaces::mergeUses (494 bytes)

Stack: [0x0000007203500000,0x0000007203600000]
Native frames: (J=compiled Java code, j=interpreted, Vv=VM code, C=native code)
V  [jvm.dll+0x6d83e9]
V  [jvm.dll+0x8b5736]
V  [jvm.dll+0x8b7cee]
V  [jvm.dll+0x8b83d3]
V  [jvm.dll+0x284596]
V  [jvm.dll+0xc685d]
V  [jvm.dll+0xc6da1]
V  [jvm.dll+0x2fb5ae]
V  [jvm.dll+0x5fee94]
V  [jvm.dll+0x255d67]
V  [jvm.dll+0x24e2ca]
V  [jvm.dll+0x24bbe6]
V  [jvm.dll+0x1cb4ae]
V  [jvm.dll+0x25baad]
V  [jvm.dll+0x25a03a]
V  [jvm.dll+0x3f8aae]
V  [jvm.dll+0x8600cd]
V  [jvm.dll+0x6d6c1d]
C  [ucrtbase.dll+0x37b0]
C  [KERNEL32.DLL+0x2e8d7]
C  [ntdll.dll+0x8c48c]


---------------  P R O C E S S  ---------------

Threads class SMR info:
_java_thread_list=0x0000026a022bc810, length=37, elements={
0x00000269a91df2f0, 0x00000269a9285200, 0x00000269a9287c90, 0x00000269a928ceb0,
0x00000269a928d910, 0x00000269a92914f0, 0x00000269a9297ee0, 0x00000269a929e810,
0x0000026a01f88360, 0x0000026a0200dd70, 0x0000026a021a0680, 0x0000026a022110b0,
0x0000026a02211760, 0x0000026a021a0d10, 0x0000026a0219fff0, 0x0000026a021a13a0,
0x0000026a0219df20, 0x0000026a0219f2d0, 0x0000026a0219e5b0, 0x0000026a0219ec40,
0x0000026a0219f960, 0x0000026a08baf950, 0x0000026a08baec30, 0x0000026a08d17050,
0x0000026a08b5d000, 0x0000026a08bacb60, 0x0000026a08baf2c0, 0x0000026a08bac4d0,
0x0000026a08baffe0, 0x0000026a08bb0670, 0x0000026a08bae5a0, 0x0000026a08bad1f0,
0x0000026a08bb0d00, 0x0000026a08bad880, 0x0000026a08bb1390, 0x0000026a08badf10,
0x0000026a08bb1a20
}

Java Threads: ( => current thread )
  0x00000269a91df2f0 JavaThread "main"                              [_thread_blocked, id=20932, stack(0x0000007202b00000,0x0000007202c00000) (1024K)]
  0x00000269a9285200 JavaThread "Reference Handler"          daemon [_thread_blocked, id=27624, stack(0x0000007202f00000,0x0000007203000000) (1024K)]
  0x00000269a9287c90 JavaThread "Finalizer"                  daemon [_thread_blocked, id=28616, stack(0x0000007203000000,0x0000007203100000) (1024K)]
  0x00000269a928ceb0 JavaThread "Signal Dispatcher"          daemon [_thread_blocked, id=10132, stack(0x0000007203100000,0x0000007203200000) (1024K)]
  0x00000269a928d910 JavaThread "Attach Listener"            daemon [_thread_blocked, id=10648, stack(0x0000007203200000,0x0000007203300000) (1024K)]
  0x00000269a92914f0 JavaThread "Service Thread"             daemon [_thread_blocked, id=10836, stack(0x0000007203300000,0x0000007203400000) (1024K)]
  0x00000269a9297ee0 JavaThread "Monitor Deflation Thread"   daemon [_thread_blocked, id=3712, stack(0x0000007203400000,0x0000007203500000) (1024K)]
=>0x00000269a929e810 JavaThread "C2 CompilerThread0"         daemon [_thread_in_native, id=16144, stack(0x0000007203500000,0x0000007203600000) (1024K)]
  0x0000026a01f88360 JavaThread "C1 CompilerThread0"         daemon [_thread_blocked, id=19712, stack(0x0000007203600000,0x0000007203700000) (1024K)]
  0x0000026a0200dd70 JavaThread "C1 CompilerThread1"         daemon [_thread_in_native, id=15620, stack(0x0000007203700000,0x0000007203800000) (1024K)]
  0x0000026a021a0680 JavaThread "Common-Cleaner"             daemon [_thread_blocked, id=8208, stack(0x0000007203900000,0x0000007203a00000) (1024K)]
  0x0000026a022110b0 JavaThread "C1 CompilerThread2"         daemon [_thread_blocked, id=27448, stack(0x0000007203a00000,0x0000007203b00000) (1024K)]
  0x0000026a02211760 JavaThread "C1 CompilerThread3"         daemon [_thread_blocked, id=25300, stack(0x0000007203b00000,0x0000007203c00000) (1024K)]
  0x0000026a021a0d10 JavaThread "Notification Thread"        daemon [_thread_blocked, id=26660, stack(0x0000007203c00000,0x0000007203d00000) (1024K)]
  0x0000026a0219fff0 JavaThread "Equinox resolver thread - Equinox Container: 18895a0b-150e-46d8-956d-65352b05cd7e" daemon [_thread_blocked, id=27120, stack(0x0000007204400000,0x0000007204500000) (1024K)]
  0x0000026a021a13a0 JavaThread "Equinox resolver thread - Equinox Container: 18895a0b-150e-46d8-956d-65352b05cd7e" daemon [_thread_blocked, id=9428, stack(0x0000007204500000,0x0000007204600000) (1024K)]
  0x0000026a0219df20 JavaThread "Equinox resolver thread - Equinox Container: 18895a0b-150e-46d8-956d-65352b05cd7e" daemon [_thread_blocked, id=29152, stack(0x0000007204600000,0x0000007204700000) (1024K)]
  0x0000026a0219f2d0 JavaThread "Equinox resolver thread - Equinox Container: 18895a0b-150e-46d8-956d-65352b05cd7e" daemon [_thread_blocked, id=32700, stack(0x0000007204700000,0x0000007204800000) (1024K)]
  0x0000026a0219e5b0 JavaThread "Equinox resolver thread - Equinox Container: 18895a0b-150e-46d8-956d-65352b05cd7e" daemon [_thread_blocked, id=5368, stack(0x0000007204800000,0x0000007204900000) (1024K)]
  0x0000026a0219ec40 JavaThread "Equinox resolver thread - Equinox Container: 18895a0b-150e-46d8-956d-65352b05cd7e" daemon [_thread_blocked, id=4616, stack(0x0000007204900000,0x0000007204a00000) (1024K)]
  0x0000026a0219f960 JavaThread "Active Thread: Equinox Container: 18895a0b-150e-46d8-956d-65352b05cd7e"        [_thread_blocked, id=10668, stack(0x0000007204a00000,0x0000007204b00000) (1024K)]
  0x0000026a08baf950 JavaThread "Framework Event Dispatcher: Equinox Container: 18895a0b-150e-46d8-956d-65352b05cd7e" daemon [_thread_blocked, id=24168, stack(0x0000007203800000,0x0000007203900000) (1024K)]
  0x0000026a08baec30 JavaThread "Start Level: Equinox Container: 18895a0b-150e-46d8-956d-65352b05cd7e" daemon [_thread_in_vm, id=31344, stack(0x0000007204300000,0x0000007204400000) (1024K)]
  0x0000026a08d17050 JavaThread "C2 CompilerThread1"         daemon [_thread_in_native, id=27536, stack(0x0000007204c00000,0x0000007204d00000) (1024K)]
  0x0000026a08b5d000 JavaThread "C2 CompilerThread2"         daemon [_thread_in_native, id=19092, stack(0x0000007204d00000,0x0000007204e00000) (1024K)]
  0x0000026a08bacb60 JavaThread "Bundle File Closer"         daemon [_thread_blocked, id=28168, stack(0x0000007204e00000,0x0000007204f00000) (1024K)]
  0x0000026a08baf2c0 JavaThread "Refresh Thread: Equinox Container: 18895a0b-150e-46d8-956d-65352b05cd7e" daemon [_thread_blocked, id=10592, stack(0x0000007204f00000,0x0000007205000000) (1024K)]
  0x0000026a08bac4d0 JavaThread "Equinox resolver thread - Equinox Container: 18895a0b-150e-46d8-956d-65352b05cd7e" daemon [_thread_blocked, id=27520, stack(0x0000007205000000,0x0000007205100000) (1024K)]
  0x0000026a08baffe0 JavaThread "Equinox resolver thread - Equinox Container: 18895a0b-150e-46d8-956d-65352b05cd7e" daemon [_thread_blocked, id=19840, stack(0x0000007205100000,0x0000007205200000) (1024K)]
  0x0000026a08bb0670 JavaThread "Equinox resolver thread - Equinox Container: 18895a0b-150e-46d8-956d-65352b05cd7e" daemon [_thread_blocked, id=30856, stack(0x0000007205200000,0x0000007205300000) (1024K)]
  0x0000026a08bae5a0 JavaThread "Equinox resolver thread - Equinox Container: 18895a0b-150e-46d8-956d-65352b05cd7e" daemon [_thread_blocked, id=1128, stack(0x0000007205300000,0x0000007205400000) (1024K)]
  0x0000026a08bad1f0 JavaThread "Equinox resolver thread - Equinox Container: 18895a0b-150e-46d8-956d-65352b05cd7e" daemon [_thread_blocked, id=28588, stack(0x0000007205400000,0x0000007205500000) (1024K)]
  0x0000026a08bb0d00 JavaThread "Equinox resolver thread - Equinox Container: 18895a0b-150e-46d8-956d-65352b05cd7e" daemon [_thread_blocked, id=13468, stack(0x0000007205500000,0x0000007205600000) (1024K)]
  0x0000026a08bad880 JavaThread "Equinox resolver thread - Equinox Container: 18895a0b-150e-46d8-956d-65352b05cd7e" daemon [_thread_blocked, id=3856, stack(0x0000007205600000,0x0000007205700000) (1024K)]
  0x0000026a08bb1390 JavaThread "Equinox resolver thread - Equinox Container: 18895a0b-150e-46d8-956d-65352b05cd7e" daemon [_thread_blocked, id=31284, stack(0x0000007205700000,0x0000007205800000) (1024K)]
  0x0000026a08badf10 JavaThread "Equinox resolver thread - Equinox Container: 18895a0b-150e-46d8-956d-65352b05cd7e" daemon [_thread_blocked, id=14828, stack(0x0000007205800000,0x0000007205900000) (1024K)]
  0x0000026a08bb1a20 JavaThread "Equinox resolver thread - Equinox Container: 18895a0b-150e-46d8-956d-65352b05cd7e" daemon [_thread_blocked, id=19472, stack(0x0000007205900000,0x0000007205a00000) (1024K)]
Total: 37

Other Threads:
  0x00000269a9174190 VMThread "VM Thread"                           [id=14004, stack(0x0000007202e00000,0x0000007202f00000) (1024K)]
  0x00000269a906ca00 WatcherThread "VM Periodic Task Thread"        [id=30852, stack(0x0000007202d00000,0x0000007202e00000) (1024K)]
  0x00000269a91fe800 WorkerThread "GC Thread#0"                     [id=32216, stack(0x0000007202c00000,0x0000007202d00000) (1024K)]
  0x0000026a088ff8a0 WorkerThread "GC Thread#1"                     [id=28068, stack(0x0000007203d00000,0x0000007203e00000) (1024K)]
  0x0000026a088760e0 WorkerThread "GC Thread#2"                     [id=24864, stack(0x0000007203e00000,0x0000007203f00000) (1024K)]
  0x0000026a08876490 WorkerThread "GC Thread#3"                     [id=20824, stack(0x0000007203f00000,0x0000007204000000) (1024K)]
  0x0000026a08b88410 WorkerThread "GC Thread#4"                     [id=15724, stack(0x0000007204000000,0x0000007204100000) (1024K)]
  0x0000026a08b887c0 WorkerThread "GC Thread#5"                     [id=14736, stack(0x0000007204100000,0x0000007204200000) (1024K)]
  0x0000026a08b88b70 WorkerThread "GC Thread#6"                     [id=30804, stack(0x0000007204200000,0x0000007204300000) (1024K)]
  0x0000026a02127fd0 WorkerThread "GC Thread#7"                     [id=5328, stack(0x0000007204b00000,0x0000007204c00000) (1024K)]
  0x0000026a097ceaa0 WorkerThread "GC Thread#8"                     [id=12616, stack(0x0000007205a00000,0x0000007205b00000) (1024K)]
  0x0000026a0a7a8070 WorkerThread "GC Thread#9"                     [id=5508, stack(0x0000007205b00000,0x0000007205c00000) (1024K)]
Total: 12

Threads with active compile tasks:
C2 CompilerThread0  3345 2579       4       org.apache.felix.resolver.PackageSpaces::mergeUses (494 bytes)
C1 CompilerThread1  3345 2852       3       jdk.internal.org.objectweb.asm.ClassWriter::toByteArray (1517 bytes)
C2 CompilerThread1  3345 2840       4       java.io.DataInputStream::readUTF (501 bytes)
C2 CompilerThread2  3346 2843       4       java.io.DataInputStream::readFully (59 bytes)
Total: 4

VM state: not at safepoint (normal execution)

VM Mutex/Monitor currently owned by a thread:  ([mutex/lock_event])
[0x00007ffffe65d530] Metaspace_lock - owner thread: 0x0000026a08baec30
[0x00007ffffe65e230] MultiArray_lock - owner thread: 0x0000026a08baec30

Heap address: 0x0000000080000000, size: 2048 MB, Compressed Oops mode: 32-bit

CDS archive(s) mapped at: [0x00000269c0000000-0x00000269c0ba0000-0x00000269c0ba0000), size 12189696, SharedBaseAddress: 0x00000269c0000000, ArchiveRelocationMode: 1.
Compressed class space mapped at: 0x00000269c1000000-0x0000026a01000000, reserved size: 1073741824
Narrow klass base: 0x00000269c0000000, Narrow klass shift: 0, Narrow klass range: 0x100000000

GC Precious Log:
 CardTable entry size: 512
 CPUs: 16 total, 16 available
 Memory: 12046M
 Large Page Support: Disabled
 NUMA Support: Disabled
 Compressed Oops: Enabled (32-bit)
 Alignments: Space 512K, Generation 512K, Heap 2M
 Heap Min Capacity: 100M
 Heap Initial Capacity: 100M
 Heap Max Capacity: 2G
 Pre-touch: Disabled
 Parallel Workers: 13

Heap:
 PSYoungGen      total 29696K, used 12850K [0x00000000d5580000, 0x00000000d7680000, 0x0000000100000000)
  eden space 25600K, 34% used [0x00000000d5580000,0x00000000d5e12ae0,0x00000000d6e80000)
  from space 4096K, 99% used [0x00000000d7280000,0x00000000d767a090,0x00000000d7680000)
  to   space 4096K, 0% used [0x00000000d6e80000,0x00000000d6e80000,0x00000000d7280000)
 ParOldGen       total 68608K, used 5637K [0x0000000080000000, 0x0000000084300000, 0x00000000d5580000)
  object space 68608K, 8% used [0x0000000080000000,0x00000000805815f0,0x0000000084300000)
 Metaspace       used 10242K, committed 10496K, reserved 1114112K
  class space    used 1059K, committed 1152K, reserved 1048576K

Card table byte_map: [0x00000269a8b80000,0x00000269a8f90000] _byte_map_base: 0x00000269a8780000

Marking Bits: (ParMarkBitMap*) 0x00007ffffe6644a0
 Begin Bits: [0x00000269bb690000, 0x00000269bd690000)
 End Bits:   [0x00000269bd690000, 0x00000269bf690000)

Polling page: 0x00000269a7110000

Metaspace:

Usage:
  Non-class:      8.97 MB used.
      Class:      1.03 MB used.
       Both:     10.00 MB used.

Virtual space:
  Non-class space:       64.00 MB reserved,       9.12 MB ( 14%) committed,  1 nodes.
      Class space:        1.00 GB reserved,       1.12 MB ( <1%) committed,  1 nodes.
             Both:        1.06 GB reserved,      10.25 MB ( <1%) committed. 

Chunk freelists:
   Non-Class:  6.06 MB
       Class:  14.76 MB
        Both:  20.82 MB

MaxMetaspaceSize: unlimited
CompressedClassSpaceSize: 1.00 GB
Initial GC threshold: 21.00 MB
Current GC threshold: 21.00 MB
CDS: on
 - commit_granule_bytes: 65536.
 - commit_granule_words: 8192.
 - virtual_space_node_default_size: 8388608.
 - enlarge_chunks_in_place: 1.
 - use_allocation_guard: 0.


Internal statistics:

num_allocs_failed_limit: 0.
num_arena_births: 256.
num_arena_deaths: 0.
num_vsnodes_births: 2.
num_vsnodes_deaths: 0.
num_space_committed: 164.
num_space_uncommitted: 0.
num_chunks_returned_to_freelist: 0.
num_chunks_taken_from_freelist: 520.
num_chunk_merges: 0.
num_chunk_splits: 332.
num_chunks_enlarged: 224.
num_inconsistent_stats: 0.

CodeHeap 'non-profiled nmethods': size=119168Kb used=1105Kb max_used=1105Kb free=118062Kb
 bounds [0x00000269b3f80000, 0x00000269b41f0000, 0x00000269bb3e0000]
CodeHeap 'profiled nmethods': size=119104Kb used=5934Kb max_used=5934Kb free=113170Kb
 bounds [0x00000269ac3e0000, 0x00000269ac9b0000, 0x00000269b3830000]
CodeHeap 'non-nmethods': size=7488Kb used=2924Kb max_used=2948Kb free=4564Kb
 bounds [0x00000269b3830000, 0x00000269b3b20000, 0x00000269b3f80000]
CodeCache: size=245760Kb, used=9963Kb, max_used=9987Kb, free=235796Kb
 total_blobs=3430, nmethods=2930, adapters=403, full_count=0
Compilation: enabled, stopped_count=0, restarted_count=0

Compilation events (20 events):
Event: 3.210 Thread 0x0000026a022110b0 2779       3       org.eclipse.osgi.framework.util.CaseInsensitiveDictionaryMap::findCommonKeyIndex (930 bytes)
Event: 3.210 Thread 0x0000026a08b5d000 2780       4       java.lang.String::isEmpty (14 bytes)
Event: 3.210 Thread 0x0000026a01f88360 2781       3       java.lang.StringBuilder::append (6 bytes)
Event: 3.211 Thread 0x0000026a01f88360 nmethod 2781 0x00000269ac94d090 code [0x00000269ac94d240, 0x00000269ac94d3f0]
Event: 3.211 Thread 0x0000026a08b5d000 nmethod 2780 0x00000269b408f990 code [0x00000269b408fb20, 0x00000269b408fbc8]
Event: 3.211 Thread 0x0000026a02211760 nmethod 2775 0x00000269ac94d510 code [0x00000269ac94dbc0, 0x00000269ac951578]
Event: 3.211 Thread 0x0000026a08d17050 nmethod 2778 0x00000269b408fc90 code [0x00000269b408fe20, 0x00000269b408ff00]
Event: 3.211 Thread 0x0000026a022110b0 nmethod 2779 0x00000269ac952990 code [0x00000269ac952fc0, 0x00000269ac954fb8]
Event: 3.212 Thread 0x0000026a022110b0 2785       3       jdk.internal.org.objectweb.asm.Frame::setInputFrameFromDescriptor (175 bytes)
Event: 3.212 Thread 0x0000026a02211760 2786       3       jdk.internal.org.objectweb.asm.Type::getArgumentTypes (154 bytes)
Event: 3.213 Thread 0x0000026a022110b0 nmethod 2785 0x00000269ac955410 code [0x00000269ac955640, 0x00000269ac955d68]
Event: 3.213 Thread 0x0000026a02211760 nmethod 2786 0x00000269ac956190 code [0x00000269ac9565e0, 0x00000269ac9589f0]
Event: 3.214 Thread 0x0000026a022110b0 2787       3       java.lang.invoke.LambdaForm::methodType (48 bytes)
Event: 3.214 Thread 0x0000026a022110b0 nmethod 2787 0x00000269ac959890 code [0x00000269ac959a80, 0x00000269ac95a020]
Event: 3.216 Thread 0x0000026a02211760 2788       3       java.util.regex.ASCII::isType (15 bytes)
Event: 3.216 Thread 0x0000026a0200dd70 2789       3       java.util.regex.ASCII::getType (17 bytes)
Event: 3.216 Thread 0x0000026a02211760 nmethod 2788 0x00000269ac95a310 code [0x00000269ac95a4c0, 0x00000269ac95a6d8]
Event: 3.216 Thread 0x0000026a0200dd70 nmethod 2789 0x00000269ac95a810 code [0x00000269ac95a9c0, 0x00000269ac95ab50]
Event: 3.216 Thread 0x0000026a0200dd70 2790       3       java.lang.invoke.DirectMethodHandle::make (275 bytes)
Event: 3.216 Thread 0x0000026a01f88360 2791       3       java.lang.invoke.MemberName::isField (8 bytes)

GC Heap History (6 events):
Event: 1.115 GC heap before
{Heap before GC invocations=1 (full 0):
 PSYoungGen      total 29696K, used 25600K [0x00000000d5580000, 0x00000000d7680000, 0x0000000100000000)
  eden space 25600K, 100% used [0x00000000d5580000,0x00000000d6e80000,0x00000000d6e80000)
  from space 4096K, 0% used [0x00000000d7280000,0x00000000d7280000,0x00000000d7680000)
  to   space 4096K, 0% used [0x00000000d6e80000,0x00000000d6e80000,0x00000000d7280000)
 ParOldGen       total 68608K, used 0K [0x0000000080000000, 0x0000000084300000, 0x00000000d5580000)
  object space 68608K, 0% used [0x0000000080000000,0x0000000080000000,0x0000000084300000)
 Metaspace       used 4467K, committed 4736K, reserved 1114112K
  class space    used 487K, committed 576K, reserved 1048576K
}
Event: 1.122 GC heap after
{Heap after GC invocations=1 (full 0):
 PSYoungGen      total 29696K, used 3425K [0x00000000d5580000, 0x00000000d7680000, 0x0000000100000000)
  eden space 25600K, 0% used [0x00000000d5580000,0x00000000d5580000,0x00000000d6e80000)
  from space 4096K, 83% used [0x00000000d6e80000,0x00000000d71d8428,0x00000000d7280000)
  to   space 4096K, 0% used [0x00000000d7280000,0x00000000d7280000,0x00000000d7680000)
 ParOldGen       total 68608K, used 16K [0x0000000080000000, 0x0000000084300000, 0x00000000d5580000)
  object space 68608K, 0% used [0x0000000080000000,0x0000000080004000,0x0000000084300000)
 Metaspace       used 4467K, committed 4736K, reserved 1114112K
  class space    used 487K, committed 576K, reserved 1048576K
}
Event: 1.661 GC heap before
{Heap before GC invocations=2 (full 0):
 PSYoungGen      total 29696K, used 29025K [0x00000000d5580000, 0x00000000d7680000, 0x0000000100000000)
  eden space 25600K, 100% used [0x00000000d5580000,0x00000000d6e80000,0x00000000d6e80000)
  from space 4096K, 83% used [0x00000000d6e80000,0x00000000d71d8428,0x00000000d7280000)
  to   space 4096K, 0% used [0x00000000d7280000,0x00000000d7280000,0x00000000d7680000)
 ParOldGen       total 68608K, used 16K [0x0000000080000000, 0x0000000084300000, 0x00000000d5580000)
  object space 68608K, 0% used [0x0000000080000000,0x0000000080004000,0x0000000084300000)
 Metaspace       used 8333K, committed 8640K, reserved 1114112K
  class space    used 881K, committed 1024K, reserved 1048576K
}
Event: 1.665 GC heap after
{Heap after GC invocations=2 (full 0):
 PSYoungGen      total 29696K, used 4081K [0x00000000d5580000, 0x00000000d7680000, 0x0000000100000000)
  eden space 25600K, 0% used [0x00000000d5580000,0x00000000d5580000,0x00000000d6e80000)
  from space 4096K, 99% used [0x00000000d7280000,0x00000000d767c420,0x00000000d7680000)
  to   space 4096K, 0% used [0x00000000d6e80000,0x00000000d6e80000,0x00000000d7280000)
 ParOldGen       total 68608K, used 82K [0x0000000080000000, 0x0000000084300000, 0x00000000d5580000)
  object space 68608K, 0% used [0x0000000080000000,0x0000000080014938,0x0000000084300000)
 Metaspace       used 8333K, committed 8640K, reserved 1114112K
  class space    used 881K, committed 1024K, reserved 1048576K
}
Event: 3.005 GC heap before
{Heap before GC invocations=3 (full 0):
 PSYoungGen      total 29696K, used 29681K [0x00000000d5580000, 0x00000000d7680000, 0x0000000100000000)
  eden space 25600K, 100% used [0x00000000d5580000,0x00000000d6e80000,0x00000000d6e80000)
  from space 4096K, 99% used [0x00000000d7280000,0x00000000d767c420,0x00000000d7680000)
  to   space 4096K, 0% used [0x00000000d6e80000,0x00000000d6e80000,0x00000000d7280000)
 ParOldGen       total 68608K, used 82K [0x0000000080000000, 0x0000000084300000, 0x00000000d5580000)
  object space 68608K, 0% used [0x0000000080000000,0x0000000080014938,0x0000000084300000)
 Metaspace       used 8723K, committed 9024K, reserved 1114112K
  class space    used 897K, committed 1024K, reserved 1048576K
}
Event: 3.011 GC heap after
{Heap after GC invocations=3 (full 0):
 PSYoungGen      total 29696K, used 4073K [0x00000000d5580000, 0x00000000d7680000, 0x0000000100000000)
  eden space 25600K, 0% used [0x00000000d5580000,0x00000000d5580000,0x00000000d6e80000)
  from space 4096K, 99% used [0x00000000d6e80000,0x00000000d727a798,0x00000000d7280000)
  to   space 4096K, 0% used [0x00000000d7280000,0x00000000d7280000,0x00000000d7680000)
 ParOldGen       total 68608K, used 4829K [0x0000000080000000, 0x0000000084300000, 0x00000000d5580000)
  object space 68608K, 7% used [0x0000000080000000,0x00000000804b77c0,0x0000000084300000)
 Metaspace       used 8723K, committed 9024K, reserved 1114112K
  class space    used 897K, committed 1024K, reserved 1048576K
}

Dll operation events (18 events):
Event: 0.047 Attempting to load shared library c:\Users\localuser\.vscode\extensions\redhat.java-1.56.0-win32-x64\jre\21.0.12.1-win32-x86_64\bin\java.dll
Event: 0.047 Loaded shared library c:\Users\localuser\.vscode\extensions\redhat.java-1.56.0-win32-x64\jre\21.0.12.1-win32-x86_64\bin\java.dll
Event: 0.115 Attempting to load shared library c:\Users\localuser\.vscode\extensions\redhat.java-1.56.0-win32-x64\jre\21.0.12.1-win32-x86_64\bin\zip.dll
Event: 0.117 Loaded shared library c:\Users\localuser\.vscode\extensions\redhat.java-1.56.0-win32-x64\jre\21.0.12.1-win32-x86_64\bin\zip.dll
Event: 0.202 Attempting to load shared library C:\Users\localuser\.vscode\extensions\redhat.java-1.56.0-win32-x64\jre\21.0.12.1-win32-x86_64\bin\instrument.dll
Event: 0.202 Loaded shared library C:\Users\localuser\.vscode\extensions\redhat.java-1.56.0-win32-x64\jre\21.0.12.1-win32-x86_64\bin\instrument.dll
Event: 0.207 Attempting to load shared library C:\Users\localuser\.vscode\extensions\redhat.java-1.56.0-win32-x64\jre\21.0.12.1-win32-x86_64\bin\net.dll
Event: 0.210 Loaded shared library C:\Users\localuser\.vscode\extensions\redhat.java-1.56.0-win32-x64\jre\21.0.12.1-win32-x86_64\bin\net.dll
Event: 0.213 Attempting to load shared library C:\Users\localuser\.vscode\extensions\redhat.java-1.56.0-win32-x64\jre\21.0.12.1-win32-x86_64\bin\nio.dll
Event: 0.216 Loaded shared library C:\Users\localuser\.vscode\extensions\redhat.java-1.56.0-win32-x64\jre\21.0.12.1-win32-x86_64\bin\nio.dll
Event: 0.220 Attempting to load shared library C:\Users\localuser\.vscode\extensions\redhat.java-1.56.0-win32-x64\jre\21.0.12.1-win32-x86_64\bin\zip.dll
Event: 0.220 Loaded shared library C:\Users\localuser\.vscode\extensions\redhat.java-1.56.0-win32-x64\jre\21.0.12.1-win32-x86_64\bin\zip.dll
Event: 0.239 Attempting to load shared library C:\Users\localuser\.vscode\extensions\redhat.java-1.56.0-win32-x64\jre\21.0.12.1-win32-x86_64\bin\jimage.dll
Event: 0.239 Loaded shared library C:\Users\localuser\.vscode\extensions\redhat.java-1.56.0-win32-x64\jre\21.0.12.1-win32-x86_64\bin\jimage.dll
Event: 0.328 Attempting to load shared library c:\Users\localuser\.vscode\extensions\redhat.java-1.56.0-win32-x64\jre\21.0.12.1-win32-x86_64\bin\verify.dll
Event: 0.330 Loaded shared library c:\Users\localuser\.vscode\extensions\redhat.java-1.56.0-win32-x64\jre\21.0.12.1-win32-x86_64\bin\verify.dll
Event: 3.030 Attempting to load shared library C:\Users\localuser\AppData\Roaming\Code\User\globalStorage\redhat.java\1.56.0\config_win\org.eclipse.equinox.launcher\org.eclipse.equinox.launcher.win32.win32.x86_64_1.3.100.v20260804-1928\eclipse_11924.dll
Event: 3.032 Loaded shared library C:\Users\localuser\AppData\Roaming\Code\User\globalStorage\redhat.java\1.56.0\config_win\org.eclipse.equinox.launcher\org.eclipse.equinox.launcher.win32.win32.x86_64_1.3.100.v20260804-1928\eclipse_11924.dll

Deoptimization events (20 events):
Event: 3.176 Thread 0x0000026a08baec30 Uncommon trap: trap_request=0xffffffde fr.pc=0x00000269b405b624 relative=0x00000000000001e4
Event: 3.176 Thread 0x0000026a08baec30 Uncommon trap: reason=class_check action=maybe_recompile pc=0x00000269b405b624 method=java.util.Collections$3.nextElement()Ljava/lang/Object; @ 4 c2
Event: 3.176 Thread 0x0000026a08baec30 DEOPT PACKING pc=0x00000269b405b624 sp=0x00000072043fddc0
Event: 3.176 Thread 0x0000026a08baec30 DEOPT UNPACKING pc=0x00000269b3883aa2 sp=0x00000072043fdd70 mode 2
Event: 3.176 Thread 0x0000026a08baec30 Uncommon trap: trap_request=0xffffffde fr.pc=0x00000269b404d698 relative=0x0000000000000078
Event: 3.176 Thread 0x0000026a08baec30 Uncommon trap: reason=class_check action=maybe_recompile pc=0x00000269b404d698 method=java.util.Collections$3.hasMoreElements()Z @ 4 c2
Event: 3.176 Thread 0x0000026a08baec30 DEOPT PACKING pc=0x00000269b404d698 sp=0x00000072043fdde0
Event: 3.176 Thread 0x0000026a08baec30 DEOPT UNPACKING pc=0x00000269b3883aa2 sp=0x00000072043fdd70 mode 2
Event: 3.176 Thread 0x0000026a08baec30 Uncommon trap: trap_request=0xffffffde fr.pc=0x00000269b404d698 relative=0x0000000000000078
Event: 3.176 Thread 0x0000026a08baec30 Uncommon trap: reason=class_check action=maybe_recompile pc=0x00000269b404d698 method=java.util.Collections$3.hasMoreElements()Z @ 4 c2
Event: 3.176 Thread 0x0000026a08baec30 DEOPT PACKING pc=0x00000269b404d698 sp=0x00000072043fdde0
Event: 3.176 Thread 0x0000026a08baec30 DEOPT UNPACKING pc=0x00000269b3883aa2 sp=0x00000072043fdd70 mode 2
Event: 3.176 Thread 0x0000026a08baec30 Uncommon trap: trap_request=0xffffffde fr.pc=0x00000269b405b624 relative=0x00000000000001e4
Event: 3.176 Thread 0x0000026a08baec30 Uncommon trap: reason=class_check action=maybe_recompile pc=0x00000269b405b624 method=java.util.Collections$3.nextElement()Ljava/lang/Object; @ 4 c2
Event: 3.176 Thread 0x0000026a08baec30 DEOPT PACKING pc=0x00000269b405b624 sp=0x00000072043fddc0
Event: 3.176 Thread 0x0000026a08baec30 DEOPT UNPACKING pc=0x00000269b3883aa2 sp=0x00000072043fdd70 mode 2
Event: 3.176 Thread 0x0000026a08baec30 Uncommon trap: trap_request=0xffffffde fr.pc=0x00000269b405b624 relative=0x00000000000001e4
Event: 3.176 Thread 0x0000026a08baec30 Uncommon trap: reason=class_check action=maybe_recompile pc=0x00000269b405b624 method=java.util.Collections$3.nextElement()Ljava/lang/Object; @ 4 c2
Event: 3.176 Thread 0x0000026a08baec30 DEOPT PACKING pc=0x00000269b405b624 sp=0x00000072043fddc0
Event: 3.176 Thread 0x0000026a08baec30 DEOPT UNPACKING pc=0x00000269b3883aa2 sp=0x00000072043fdd70 mode 2

Classes loaded (20 events):
Event: 3.083 Loading class java/util/AbstractList$Itr
Event: 3.083 Loading class java/util/AbstractList$Itr done
Event: 3.163 Loading class java/util/concurrent/CountDownLatch
Event: 3.163 Loading class java/util/concurrent/CountDownLatch done
Event: 3.163 Loading class java/util/concurrent/CountDownLatch$Sync
Event: 3.163 Loading class java/util/concurrent/CountDownLatch$Sync done
Event: 3.177 Loading class jdk/internal/logger/LoggerFinderLoader
Event: 3.178 Loading class jdk/internal/logger/LoggerFinderLoader done
Event: 3.178 Loading class jdk/internal/logger/LoggerFinderLoader$TemporaryLoggerFinder
Event: 3.178 Loading class jdk/internal/logger/LoggerFinderLoader$TemporaryLoggerFinder done
Event: 3.178 Loading class sun/util/logging/internal/LoggingProviderImpl$JULWrapper
Event: 3.179 Loading class sun/util/logging/internal/LoggingProviderImpl$JULWrapper done
Event: 3.193 Loading class java/util/PropertyResourceBundle
Event: 3.193 Loading class java/util/PropertyResourceBundle done
Event: 3.194 Loading class sun/util/PropertyResourceBundleCharset
Event: 3.194 Loading class sun/util/PropertyResourceBundleCharset done
Event: 3.194 Loading class sun/util/PropertyResourceBundleCharset$PropertiesFileDecoder
Event: 3.194 Loading class sun/util/PropertyResourceBundleCharset$PropertiesFileDecoder done
Event: 3.208 Loading class sun/invoke/util/VerifyAccess$1
Event: 3.208 Loading class sun/invoke/util/VerifyAccess$1 done

Classes unloaded (0 events):
No events

Classes redefined (0 events):
No events

Internal exceptions (20 events):
Event: 1.158 Thread 0x00000269a91df2f0 Exception <a 'java/lang/ClassNotFoundException'{0x00000000d5807128}: sun/net/www/protocol/c/Handler> (0x00000000d5807128) 
thrown [s\src\hotspot\share\classfile\systemDictionary.cpp, line 313]
Event: 1.168 Thread 0x00000269a91df2f0 Exception <a 'java/io/FileNotFoundException'{0x00000000d5830628}> (0x00000000d5830628) 
thrown [s\src\hotspot\share\prims\jni.cpp, line 520]
Event: 1.198 Thread 0x00000269a91df2f0 Implicit null exception at 0x00000269b3fdff29 to 0x00000269b3fe079c
Event: 1.198 Thread 0x00000269a91df2f0 Implicit null exception at 0x00000269b3fee39a to 0x00000269b3fee5a8
Event: 1.198 Thread 0x00000269a91df2f0 Exception <a 'java/lang/NoSuchMethodError'{0x00000000d59627f0}: 'void java.lang.invoke.DirectMethodHandle$Holder.invokeStatic(java.lang.Object, java.lang.Object, java.lang.Object, java.lang.Object)'> (0x00000000d59627f0) 
thrown [s\src\hotspot\share\interpreter\linkResolver.cpp, line 773]
Event: 1.199 Thread 0x00000269a91df2f0 Implicit null exception at 0x00000269b3fdf11a to 0x00000269b3fdf314
Event: 1.200 Thread 0x00000269a91df2f0 Implicit null exception at 0x00000269b3fdf7bd to 0x00000269b3fdf841
Event: 1.340 Thread 0x00000269a91df2f0 Exception <a 'java/lang/NoSuchMethodError'{0x00000000d5e24918}: 'int java.lang.invoke.DirectMethodHandle$Holder.invokeVirtual(java.lang.Object, java.lang.Object)'> (0x00000000d5e24918) 
thrown [s\src\hotspot\share\interpreter\linkResolver.cpp, line 773]
Event: 1.576 Thread 0x00000269a91df2f0 Exception <a 'java/lang/IncompatibleClassChangeError'{0x00000000d681fd98}: Found class java.lang.Object, but interface was expected> (0x00000000d681fd98) 
thrown [s\src\hotspot\share\interpreter\linkResolver.cpp, line 840]
Event: 1.577 Thread 0x00000269a91df2f0 Exception <a 'java/lang/NoSuchMethodError'{0x00000000d6828838}: 'void java.lang.invoke.DirectMethodHandle$Holder.invokeInterface(java.lang.Object, java.lang.Object, java.lang.Object)'> (0x00000000d6828838) 
thrown [s\src\hotspot\share\interpreter\linkResolver.cpp, line 773]
Event: 1.594 Thread 0x00000269a91df2f0 Exception <a 'java/lang/NoSuchMethodError'{0x00000000d6a01e50}: 'int java.lang.invoke.DirectMethodHandle$Holder.invokeStaticInit(java.lang.Object, java.lang.Object, java.lang.Object, java.lang.Object)'> (0x00000000d6a01e50) 
thrown [s\src\hotspot\share\interpreter\linkResolver.cpp, line 773]
Event: 1.595 Thread 0x00000269a91df2f0 Exception <a 'java/lang/NoSuchMethodError'{0x00000000d6a0c700}: 'void java.lang.invoke.DirectMethodHandle$Holder.invokeStaticInit(java.lang.Object, java.lang.Object)'> (0x00000000d6a0c700) 
thrown [s\src\hotspot\share\interpreter\linkResolver.cpp, line 773]
Event: 1.596 Thread 0x00000269a91df2f0 Exception <a 'java/lang/NoSuchMethodError'{0x00000000d6a12f00}: 'int java.lang.invoke.DirectMethodHandle$Holder.invokeStaticInit(java.lang.Object, java.lang.Object)'> (0x00000000d6a12f00) 
thrown [s\src\hotspot\share\interpreter\linkResolver.cpp, line 773]
Event: 1.622 Thread 0x00000269a91df2f0 Exception <a 'java/lang/NoSuchMethodError'{0x00000000d6c042f8}: 'java.lang.Object java.lang.invoke.DirectMethodHandle$Holder.newInvokeSpecial(java.lang.Object, int, java.lang.Object)'> (0x00000000d6c042f8) 
thrown [s\src\hotspot\share\interpreter\linkResolver.cpp, line 773]
Event: 1.648 Thread 0x00000269a91df2f0 Exception <a 'java/lang/ClassNotFoundException'{0x00000000d6d898d8}: sun/net/www/protocol/plurl/Handler> (0x00000000d6d898d8) 
thrown [s\src\hotspot\share\classfile\systemDictionary.cpp, line 313]
Event: 1.648 Thread 0x00000269a91df2f0 Exception <a 'java/lang/ClassNotFoundException'{0x00000000d6d8a758}: sun/net/www/protocol/plurl/Handler> (0x00000000d6d8a758) 
thrown [s\src\hotspot\share\classfile\systemDictionary.cpp, line 313]
Event: 1.650 Thread 0x00000269a91df2f0 Exception <a 'java/lang/NoSuchMethodError'{0x00000000d6dcb288}: 'void java.lang.invoke.DirectMethodHandle$Holder.invokeSpecial(java.lang.Object, java.lang.Object, java.lang.Object)'> (0x00000000d6dcb288) 
thrown [s\src\hotspot\share\interpreter\linkResolver.cpp, line 773]
Event: 3.029 Thread 0x00000269a91df2f0 Exception <a 'java/lang/UnsatisfiedLinkError'{0x00000000d5699d50}: 'void org.eclipse.equinox.launcher.JNIBridge._update_splash()'> (0x00000000d5699d50) 
thrown [s\src\hotspot\share\prims\nativeLookup.cpp, line 415]
Event: 3.212 Thread 0x0000026a08baec30 Exception <a 'java/lang/NoSuchMethodError'{0x00000000d6b2a688}: 'java.lang.Object java.lang.invoke.DirectMethodHandle$Holder.newInvokeSpecial(java.lang.Object, java.lang.Object, int, java.lang.Object)'> (0x00000000d6b2a688) 
thrown [s\src\hotspot\share\interpreter\linkResolver.cpp, line 773]
Event: 3.212 Thread 0x0000026a08baec30 Exception <a 'java/lang/NoSuchMethodError'{0x00000000d6b2e4b8}: 'java.lang.Object java.lang.invoke.DirectMethodHandle$Holder.invokeSpecial(java.lang.Object, java.lang.Object, java.lang.Object, int, java.lang.Object)'> (0x00000000d6b2e4b8) 
thrown [s\src\hotspot\share\interpreter\linkResolver.cpp, line 773]

ZGC Phase Switch (0 events):
No events

VM Operations (20 events):
Event: 1.139 Executing non-safepoint VM operation: HandshakeAllThreads (Deoptimize)
Event: 1.139 Executing non-safepoint VM operation: HandshakeAllThreads (Deoptimize) done
Event: 1.610 Executing non-safepoint VM operation: HandshakeAllThreads (Deoptimize)
Event: 1.610 Executing non-safepoint VM operation: HandshakeAllThreads (Deoptimize) done
Event: 1.642 Executing non-safepoint VM operation: HandshakeAllThreads (Deoptimize)
Event: 1.642 Executing non-safepoint VM operation: HandshakeAllThreads (Deoptimize) done
Event: 1.648 Executing safepoint VM operation: ICBufferFull
Event: 1.648 Executing safepoint VM operation: ICBufferFull done
Event: 1.661 Executing safepoint VM operation: ParallelGCFailedAllocation (Allocation Failure)
Event: 1.665 Executing safepoint VM operation: ParallelGCFailedAllocation (Allocation Failure) done
Event: 2.673 Executing safepoint VM operation: Cleanup
Event: 2.673 Executing safepoint VM operation: Cleanup done
Event: 3.005 Executing safepoint VM operation: ParallelGCFailedAllocation (Allocation Failure)
Event: 3.011 Executing safepoint VM operation: ParallelGCFailedAllocation (Allocation Failure) done
Event: 3.031 Executing non-safepoint VM operation: HandshakeAllThreads (Deoptimize)
Event: 3.031 Executing non-safepoint VM operation: HandshakeAllThreads (Deoptimize) done
Event: 3.067 Executing non-safepoint VM operation: HandshakeAllThreads (Deoptimize)
Event: 3.067 Executing non-safepoint VM operation: HandshakeAllThreads (Deoptimize) done
Event: 3.123 Executing safepoint VM operation: ICBufferFull
Event: 3.124 Executing safepoint VM operation: ICBufferFull done

Memory protections (0 events):
No events

Nmethod flushes (0 events):
No events

Events (20 events):
Event: 1.574 Thread 0x00000269a91df2f0 Thread added: 0x0000026a0219ec40
Event: 1.603 Thread 0x00000269a91df2f0 Thread added: 0x0000026a0219f960
Event: 1.810 Thread 0x0000026a088d8a90 Thread exited: 0x0000026a088d8a90
Event: 2.240 Thread 0x0000026a02127310 Thread exited: 0x0000026a02127310
Event: 2.760 Thread 0x00000269a91df2f0 Thread added: 0x0000026a08baf950
Event: 2.761 Thread 0x00000269a91df2f0 Thread added: 0x0000026a08baec30
Event: 2.771 Thread 0x0000026a0200dd70 Thread added: 0x0000026a08d17050
Event: 2.785 Thread 0x0000026a0200dd70 Thread added: 0x0000026a08b5d000
Event: 3.003 Thread 0x00000269a91df2f0 Thread added: 0x0000026a08bacb60
Event: 3.027 Thread 0x00000269a91df2f0 Thread added: 0x0000026a08baf2c0
Event: 3.079 Thread 0x0000026a08baf2c0 Thread added: 0x0000026a08bac4d0
Event: 3.079 Thread 0x0000026a08baf2c0 Thread added: 0x0000026a08baffe0
Event: 3.079 Thread 0x0000026a08baf2c0 Thread added: 0x0000026a08bb0670
Event: 3.079 Thread 0x0000026a08baf2c0 Thread added: 0x0000026a08bae5a0
Event: 3.079 Thread 0x0000026a08baf2c0 Thread added: 0x0000026a08bad1f0
Event: 3.079 Thread 0x0000026a08baffe0 Thread added: 0x0000026a08bb0d00
Event: 3.079 Thread 0x0000026a08bb0670 Thread added: 0x0000026a08bad880
Event: 3.080 Thread 0x0000026a08bae5a0 Thread added: 0x0000026a08bb1390
Event: 3.080 Thread 0x0000026a08bac4d0 Thread added: 0x0000026a08badf10
Event: 3.080 Thread 0x0000026a08baf2c0 Thread added: 0x0000026a08bb1a20


Dynamic libraries:
0x00007ff696030000 - 0x00007ff69603e000 	c:\Users\localuser\.vscode\extensions\redhat.java-1.56.0-win32-x64\jre\21.0.12.1-win32-x86_64\bin\java.exe
0x00007ff905540000 - 0x00007ff9057a7000 	C:\WINDOWS\SYSTEM32\ntdll.dll
0x00007ff904270000 - 0x00007ff904339000 	C:\WINDOWS\System32\KERNEL32.DLL
0x00007ff902d40000 - 0x00007ff903131000 	C:\WINDOWS\System32\KERNELBASE.dll
0x00007ff902010000 - 0x00007ff90215b000 	C:\WINDOWS\System32\ucrtbase.dll
0x00007ff8de410000 - 0x00007ff8de42e000 	c:\Users\localuser\.vscode\extensions\redhat.java-1.56.0-win32-x64\jre\21.0.12.1-win32-x86_64\bin\VCRUNTIME140.dll
0x00007ff8df340000 - 0x00007ff8df358000 	c:\Users\localuser\.vscode\extensions\redhat.java-1.56.0-win32-x64\jre\21.0.12.1-win32-x86_64\bin\jli.dll
0x00007ff904e50000 - 0x00007ff905015000 	C:\WINDOWS\System32\USER32.dll
0x00007ff903140000 - 0x00007ff903167000 	C:\WINDOWS\System32\win32u.dll
0x00007ff8d9720000 - 0x00007ff8d99b3000 	C:\WINDOWS\WinSxS\amd64_microsoft.windows.common-controls_6595b64144ccf1df_6.0.26100.8037_none_3e092faae333b53b\COMCTL32.dll
0x00007ff9050f0000 - 0x00007ff90511b000 	C:\WINDOWS\System32\GDI32.dll
0x00007ff9045c0000 - 0x00007ff904669000 	C:\WINDOWS\System32\msvcrt.dll
0x00007ff901ee0000 - 0x00007ff90200b000 	C:\WINDOWS\System32\gdi32full.dll
0x00007ff902be0000 - 0x00007ff902c83000 	C:\WINDOWS\System32\msvcp_win.dll
0x00007ff9050a0000 - 0x00007ff9050d1000 	C:\WINDOWS\System32\IMM32.DLL
0x00007ff8def10000 - 0x00007ff8def1c000 	c:\Users\localuser\.vscode\extensions\redhat.java-1.56.0-win32-x64\jre\21.0.12.1-win32-x86_64\bin\vcruntime140_1.dll
0x00007ff8db7d0000 - 0x00007ff8db85d000 	c:\Users\localuser\.vscode\extensions\redhat.java-1.56.0-win32-x64\jre\21.0.12.1-win32-x86_64\bin\msvcp140.dll
0x00007ffffd9a0000 - 0x00007ffffe742000 	c:\Users\localuser\.vscode\extensions\redhat.java-1.56.0-win32-x64\jre\21.0.12.1-win32-x86_64\bin\server\jvm.dll
0x00007ff9043e0000 - 0x00007ff90449b000 	C:\WINDOWS\System32\ADVAPI32.dll
0x00007ff904c60000 - 0x00007ff904d07000 	C:\WINDOWS\System32\sechost.dll
0x00007ff9044a0000 - 0x00007ff9045b8000 	C:\WINDOWS\System32\RPCRT4.dll
0x00007ff9041f0000 - 0x00007ff904264000 	C:\WINDOWS\System32\WS2_32.dll
0x00007ff901c80000 - 0x00007ff901cde000 	C:\WINDOWS\SYSTEM32\POWRPROF.dll
0x00007ff8fa2e0000 - 0x00007ff8fa2eb000 	C:\WINDOWS\SYSTEM32\VERSION.dll
0x00007ff8f9f00000 - 0x00007ff8f9f35000 	C:\WINDOWS\SYSTEM32\WINMM.dll
0x00007ff901c60000 - 0x00007ff901c74000 	C:\WINDOWS\SYSTEM32\UMPDC.dll
0x00007ff900a40000 - 0x00007ff900a5b000 	C:\WINDOWS\SYSTEM32\kernel.appcore.dll
0x00007ff8deea0000 - 0x00007ff8deeaa000 	c:\Users\localuser\.vscode\extensions\redhat.java-1.56.0-win32-x64\jre\21.0.12.1-win32-x86_64\bin\jimage.dll
0x00007ff8ffa40000 - 0x00007ff8ffc82000 	C:\WINDOWS\SYSTEM32\DBGHELP.DLL
0x00007ff905120000 - 0x00007ff9054a2000 	C:\WINDOWS\System32\combase.dll
0x00007ff904110000 - 0x00007ff9041e7000 	C:\WINDOWS\System32\OLEAUT32.dll
0x00007ff8e0200000 - 0x00007ff8e023b000 	C:\WINDOWS\SYSTEM32\dbgcore.DLL
0x00007ff902c90000 - 0x00007ff902d35000 	C:\WINDOWS\System32\bcryptPrimitives.dll
0x00007ff8dec10000 - 0x00007ff8dec1f000 	c:\Users\localuser\.vscode\extensions\redhat.java-1.56.0-win32-x64\jre\21.0.12.1-win32-x86_64\bin\instrument.dll
0x00007ff8ddd30000 - 0x00007ff8ddd50000 	c:\Users\localuser\.vscode\extensions\redhat.java-1.56.0-win32-x64\jre\21.0.12.1-win32-x86_64\bin\java.dll
0x00007ff9034c0000 - 0x00007ff903c1f000 	C:\WINDOWS\System32\SHELL32.dll
0x00007ff903170000 - 0x00007ff9032da000 	C:\WINDOWS\System32\wintypes.dll
0x00007ff902160000 - 0x00007ff9029c4000 	C:\WINDOWS\System32\windows.storage.dll
0x00007ff904010000 - 0x00007ff904107000 	C:\WINDOWS\System32\SHCORE.dll
0x00007ff903f70000 - 0x00007ff903fd7000 	C:\WINDOWS\System32\shlwapi.dll
0x00007ff901d40000 - 0x00007ff901d69000 	C:\WINDOWS\SYSTEM32\profapi.dll
0x00007ff8ddd10000 - 0x00007ff8ddd28000 	c:\Users\localuser\.vscode\extensions\redhat.java-1.56.0-win32-x64\jre\21.0.12.1-win32-x86_64\bin\zip.dll
0x00007ff8ddb40000 - 0x00007ff8ddb50000 	C:\Users\localuser\.vscode\extensions\redhat.java-1.56.0-win32-x64\jre\21.0.12.1-win32-x86_64\bin\net.dll
0x00007ff900a60000 - 0x00007ff900b87000 	C:\WINDOWS\SYSTEM32\WINHTTP.dll
0x00007ff9010c0000 - 0x00007ff90112b000 	C:\WINDOWS\system32\mswsock.dll
0x00007ff8c8ee0000 - 0x00007ff8c8ef6000 	C:\Users\localuser\.vscode\extensions\redhat.java-1.56.0-win32-x64\jre\21.0.12.1-win32-x86_64\bin\nio.dll
0x00007ff8dcf40000 - 0x00007ff8dcf50000 	c:\Users\localuser\.vscode\extensions\redhat.java-1.56.0-win32-x64\jre\21.0.12.1-win32-x86_64\bin\verify.dll
0x00007ff8380a0000 - 0x00007ff8380e5000 	C:\Users\localuser\AppData\Roaming\Code\User\globalStorage\redhat.java\1.56.0\config_win\org.eclipse.equinox.launcher\org.eclipse.equinox.launcher.win32.win32.x86_64_1.3.100.v20260804-1928\eclipse_11924.dll
0x00007ff9032f0000 - 0x00007ff903485000 	C:\WINDOWS\System32\ole32.dll

JVMTI agents:
c:\Users\localuser\.vscode\extensions\redhat.java-1.56.0-win32-x64\lombok\lombok-1.18.39-4050.jar path:c:\Users\localuser\.vscode\extensions\redhat.java-1.56.0-win32-x64\jre\21.0.12.1-win32-x86_64\bin\instrument.dll, loaded, initialized, instrumentlib options:none

dbghelp: loaded successfully - version: 4.0.5 - missing functions: none
symbol engine: initialized successfully - sym options: 0x614 - pdb path: .;c:\Users\localuser\.vscode\extensions\redhat.java-1.56.0-win32-x64\jre\21.0.12.1-win32-x86_64\bin;C:\WINDOWS\SYSTEM32;C:\WINDOWS\WinSxS\amd64_microsoft.windows.common-controls_6595b64144ccf1df_6.0.26100.8037_none_3e092faae333b53b;c:\Users\localuser\.vscode\extensions\redhat.java-1.56.0-win32-x64\jre\21.0.12.1-win32-x86_64\bin\server;C:\Users\localuser\AppData\Roaming\Code\User\globalStorage\redhat.java\1.56.0\config_win\org.eclipse.equinox.launcher\org.eclipse.equinox.launcher.win32.win32.x86_64_1.3.100.v20260804-1928

VM Arguments:
jvm_args: --add-modules=ALL-SYSTEM --add-opens=java.base/java.util=ALL-UNNAMED --add-opens=java.base/java.lang=ALL-UNNAMED --add-opens=java.base/sun.nio.fs=ALL-UNNAMED -Declipse.application=org.eclipse.jdt.ls.core.id1 -Dosgi.bundles.defaultStartLevel=4 -Declipse.product=org.eclipse.jdt.ls.core.product -Djava.import.generatesMetadataFilesAtProjectRoot=false -Dm2e.project.cache.size=50 -DDetectVMInstallationsJob.disabled=true -Dfile.encoding=utf8 -XX:+UseParallelGC -XX:GCTimeRatio=4 -XX:AdaptiveSizePolicyWeight=90 -Dsun.zip.disableMemoryMapping=true -Xmx2G -Xms100m -Xlog:disable -javaagent:c:\Users\localuser\.vscode\extensions\redhat.java-1.56.0-win32-x64\lombok\lombok-1.18.39-4050.jar -XX:+HeapDumpOnOutOfMemoryError -XX:HeapDumpPath=c:\Users\localuser\AppData\Roaming\Code\User\workspaceStorage\7c67b59a268e226f197ea4c1d5366ed0\redhat.java -Daether.dependencyCollector.impl=bf 
java_command: c:\Users\localuser\.vscode\extensions\redhat.java-1.56.0-win32-x64\server\plugins\org.eclipse.equinox.launcher_1.8.0.v20260804-1928.jar -configuration c:\Users\localuser\AppData\Roaming\Code\User\globalStorage\redhat.java\1.56.0\config_win -data c:\Users\localuser\AppData\Roaming\Code\User\workspaceStorage\7c67b59a268e226f197ea4c1d5366ed0\redhat.java\jdt_ws --pipe=\\.\pipe\lsp-610332a54f063da8ba174cc05d81481c-sock
java_class_path (initial): c:\Users\localuser\.vscode\extensions\redhat.java-1.56.0-win32-x64\server\plugins\org.eclipse.equinox.launcher_1.8.0.v20260804-1928.jar
Launcher Type: SUN_STANDARD

[Global flags]
    uintx AdaptiveSizePolicyWeight                 = 90                                        {product} {command line}
     intx CICompilerCount                          = 12                                        {product} {ergonomic}
    uintx GCTimeRatio                              = 4                                         {product} {command line}
     bool HeapDumpOnOutOfMemoryError               = true                                   {manageable} {command line}
    ccstr HeapDumpPath                             = c:\Users\localuser\AppData\Roaming\Code\User\workspaceStorage\7c67b59a268e226f197ea4c1d5366ed0\redhat.java         {manageable} {command line}
   size_t InitialHeapSize                          = 104857600                                 {product} {command line}
   size_t MaxHeapSize                              = 2147483648                                {product} {command line}
   size_t MaxNewSize                               = 715653120                                 {product} {ergonomic}
   size_t MinHeapDeltaBytes                        = 524288                                    {product} {ergonomic}
   size_t MinHeapSize                              = 104857600                                 {product} {command line}
   size_t NewSize                                  = 34603008                                  {product} {ergonomic}
    uintx NonNMethodCodeHeapSize                   = 7602480                                {pd product} {ergonomic}
    uintx NonProfiledCodeHeapSize                  = 122027880                              {pd product} {ergonomic}
   size_t OldSize                                  = 70254592                                  {product} {ergonomic}
    uintx ProfiledCodeHeapSize                     = 122027880                              {pd product} {ergonomic}
    uintx ReservedCodeCacheSize                    = 251658240                              {pd product} {ergonomic}
     bool SegmentedCodeCache                       = true                                      {product} {ergonomic}
   size_t SoftMaxHeapSize                          = 2147483648                             {manageable} {ergonomic}
     bool UseCompressedOops                        = true                           {product lp64_product} {ergonomic}
     bool UseLargePagesIndividualAllocation        = false                                  {pd product} {ergonomic}
     bool UseParallelGC                            = true                                      {product} {command line}

Logging:
Log output configuration:
 #0: stdout all=off uptime,level,tags foldmultilines=false
 #1: stderr all=off uptime,level,tags foldmultilines=false

Release file:
JAVA_VERSION="21.0.12.1" 
MODULES="java.base java.compiler java.datatransfer java.xml java.prefs java.desktop java.instrument java.logging java.management java.security.sasl java.naming java.rmi java.management.rmi java.net.http java.scripting java.security.jgss java.transaction.xa java.sql java.sql.rowset java.xml.crypto java.se java.smartcardio jdk.accessibility jdk.internal.jvmstat jdk.attach jdk.charsets jdk.internal.opt jdk.zipfs jdk.compiler jdk.crypto.ec jdk.crypto.cryptoki jdk.crypto.mscapi jdk.dynalink jdk.internal.ed jdk.editpad jdk.hotspot.agent jdk.httpserver jdk.internal.le jdk.internal.vm.ci jdk.internal.vm.compiler jdk.internal.vm.compiler.management jdk.jartool jdk.javadoc jdk.jcmd jdk.management jdk.management.agent jdk.jconsole jdk.jdeps jdk.jdwp.agent jdk.jdi jdk.jfr jdk.jshell jdk.jsobject jdk.jstatd jdk.localedata jdk.management.jfr jdk.naming.dns jdk.naming.rmi jdk.net jdk.nio.mapmode jdk.random jdk.sctp jdk.security.auth jdk.security.jgss jdk.unsupported jdk.unsupported.desktop jdk.xml.dom" 

Environment Variables:
JAVA_HOME=C:\pleiades\2023-06\java\8\jre
PATH=C:\Program Files (x86)\NVIDIA Corporation\PhysX\Common;C:\Program Files\ImageMagick-7.1.1-Q16-HDRI;C:\Program Files\Common Files\Oracle\Java\javapath;C:\Windows\system32;C:\Windows;C:\Windows\System32\Wbem;C:\Windows\System32\WindowsPowerShell\v1.0\;C:\Windows\System32\OpenSSH\;C:\Program Files\Git\cmd;C:\Program Files\Microsoft SQL Server\Client SDK\ODBC\170\Tools\Binn\;C:\Program Files (x86)\Microsoft SQL Server\150\Tools\Binn\;C:\Program Files\Microsoft SQL Server\150\Tools\Binn\;C:\Program Files\Microsoft SQL Server\150\DTS\Binn\;C:\Program Files (x86)\Windows Kits\8.1\Windows Performance Toolkit\;C:\Program Files\dotnet\;C:\Users\localuser\AppData\Roaming\nvm;C:\Program Files\nodejs;C:\Program Files\Zero Install;C:\Program Files\nodejs\;C:\Program Files\EPSON\OPOS for .NET\Lib64;C:\Program Files (x86)\Incredibuild;C:\Program Files\Go\bin;C:\WINDOWS\system32;C:\WINDOWS;C:\WINDOWS\System32\Wbem;C:\WINDOWS\System32\WindowsPowerShell\v1.0\;C:\WINDOWS\System32\OpenSSH\;C:\Program Files\Microsoft SQL Server\170\Tools\Binn\;C:\Program Files (x86)\Windows Kits\10\Windows Performance Toolkit\;C:\Program Files (x86)\OPOS\Epson3\;C:\Program Files\MySQL\MySQL Server 8.0\bin;C:\Program Files\MySQL\MySQL Shell 8.0\bin\;C:\Users\localuser\AppData\Local\Programs\Python\Python310\Scripts\;C:\Users\localuser\AppData\Local\Programs\Python\Python310\;C:\Users\localuser\AppData\Local\Microsoft\WindowsApps;C:\Users\localuser\AppData\Local\Programs\Microsoft VS Code\bin;C:\gradle\bin;C:\MinGW\bin;C:\Users\localuser\.dotnet\tools;C:\Users\localuser\AppData\Local\GitHubDesktop\bin;C:\texlive\2023\bin\windows;C:\Program Files\heroku\bin;C:\ffmpeg-master-latest-win64-gpl\bin;C:\llvm-mingw\bin;C:\Program Files (x86)\GnuWin32\bin;C:\Users\localuser\AppData\Roaming\npm;C:\Users\localuser\go\bin
USERNAME=localuser
OS=Windows_NT
PROCESSOR_IDENTIFIER=AMD64 Family 25 Model 68 Stepping 1, AuthenticAMD
TMP=C:\Users\LOCALU~1\AppData\Local\Temp
TEMP=C:\Users\LOCALU~1\AppData\Local\Temp




Periodic native trim disabled

---------------  S Y S T E M  ---------------

OS:
 Windows 11 , 64 bit Build 26100 (10.0.26100.7920)
OS uptime: 0 days 4:53 hours
Hyper-V role detected

CPU: total 16 (initial active 16) (16 cores per cpu, 2 threads per core) family 25 model 68 stepping 1 microcode 0xa404102, cx8, cmov, fxsr, ht, mmx, 3dnowpref, sse, sse2, sse3, ssse3, sse4a, sse4.1, sse4.2, popcnt, lzcnt, tsc, tscinvbit, avx, avx2, aes, erms, clmul, bmi1, bmi2, adx, sha, fma, vzeroupper, clflush, clflushopt, hv, rdtscp, rdpid, fsrm, f16c, cet_ss
Processor Information for processor 0
  Max Mhz: 2701, Current Mhz: 2155, Mhz Limit: 2701
Processor Information for processor 1
  Max Mhz: 2701, Current Mhz: 2701, Mhz Limit: 2701
Processor Information for processor 2
  Max Mhz: 2701, Current Mhz: 2701, Mhz Limit: 2701
Processor Information for processor 3
  Max Mhz: 2701, Current Mhz: 2701, Mhz Limit: 2701
Processor Information for processor 4
  Max Mhz: 2701, Current Mhz: 2701, Mhz Limit: 2701
Processor Information for processor 5
  Max Mhz: 2701, Current Mhz: 2155, Mhz Limit: 2701
Processor Information for processor 6
  Max Mhz: 2701, Current Mhz: 2155, Mhz Limit: 2701
Processor Information for processor 7
  Max Mhz: 2701, Current Mhz: 2701, Mhz Limit: 2701
Processor Information for processor 8
  Max Mhz: 2701, Current Mhz: 2155, Mhz Limit: 2701
Processor Information for processor 9
  Max Mhz: 2701, Current Mhz: 2701, Mhz Limit: 2701
Processor Information for processor 10
  Max Mhz: 2701, Current Mhz: 2155, Mhz Limit: 2701
Processor Information for processor 11
  Max Mhz: 2701, Current Mhz: 2701, Mhz Limit: 2701
Processor Information for processor 12
  Max Mhz: 2701, Current Mhz: 2155, Mhz Limit: 2701
Processor Information for processor 13
  Max Mhz: 2701, Current Mhz: 2155, Mhz Limit: 2701
Processor Information for processor 14
  Max Mhz: 2701, Current Mhz: 2701, Mhz Limit: 2701
Processor Information for processor 15
  Max Mhz: 2701, Current Mhz: 2155, Mhz Limit: 2701

Memory: 4k page, system-wide physical 12046M (817M free)
TotalPageFile size 26160M (AvailPageFile size 280M)
current process WorkingSet (physical memory assigned to process): 124M, peak: 124M
current process commit charge ("private bytes"): 280M, peak: 280M

vm_info: OpenJDK 64-Bit Server VM (21.0.12.1+1-LTS) for windows-amd64 JRE (21.0.12.1+1-LTS), built on 2026-08-18T00:00:00Z by "admin" with MS VC++ 17.12 (VS2022)

END.
